
> frontend@0.1.0 test
> jest

node.exe : PASS __tests__/components/TutorCard.test.tsx
At C:\Program Files\nodejs\npm.ps1:29 char:3
+   & $NODE_EXE $NPM_CLI_JS $args
+   ~~~~~~~~~~~~~~~~~~~~~~~~~~~~~
    + CategoryInfo          : NotSpecified: (PASS __tests__/...orCard.test.tsx 
   :String) [], RemoteException
    + FullyQualifiedErrorId : NativeCommandError
 
PASS __tests__/components/PaymentButton.test.tsx
FAIL __tests__/pages/Register.test.tsx
  ΓùÅ Test suite failed to run

    ReferenceError: Cannot access 'mockAuthService' before initialization

    [0m [90m 16 |[39m
     [90m 17 |[39m 
jest[33m.[39mmock([32m"../../services/auth.service"[39m[33m,[39m () 
[33m=>[39m ({
    [31m[1m>[22m[39m[90m 18 |[39m   authService[33m:[39m 
mockAuthService[33m,[39m
     [90m    |[39m                [31m[1m^[22m[39m
     [90m 19 |[39m }))[33m;[39m
     [90m 20 |[39m
     [90m 21 |[39m [36mimport[39m [33mRegisterPage[39m [36mfrom[39m 
[32m"../../app/(auth)/register/page"[39m[33m;[39m[0m

      at mockAuthService (__tests__/pages/Register.test.tsx:18:16)
      at Object.<anonymous> (C:\Users\ACER\Documents\development\Flutter\Tutor_
finder_Platform\frontend\app\(auth)../../../../../../../register/page.tsx:19:22
)
      at Object.<anonymous> (__tests__/pages/Register.test.tsx:17:54)

FAIL __tests__/pages/Profile.test.tsx
  ΓùÅ Console

    console.log
      ≡ƒöº API Service Configuration: { API_URL: 'http://localhost:4000/api' }

      at Object.log (services/api.ts:6:9)

  ΓùÅ Profile Page ΓÇ║ renders profile form

    TestingLibraryElementError: Unable to find an element with the placeholder 
text of: Enter your full name

    Ignored nodes: comments, script, style
    [36m<body>[39m
      [36m<div>[39m
        [36m<div[39m
          [33mclass[39m=[32m"max-w-5xl mx-auto animate-in fade-in 
duration-700"[39m
        [36m>[39m
          [36m<div[39m
            [33mclass[39m=[32m"mb-8"[39m
          [36m>[39m
            [36m<p[39m
              [33mclass[39m=[32m"text-blue-600 dark:text-blue-400 text-sm 
font-bold uppercase tracking-widest mb-1"[39m
            [36m>[39m
              [0mSettings[0m
            [36m</p>[39m
            [36m<h1[39m
              [33mclass[39m=[32m"text-4xl font-extrabold text-slate-900 
dark:text-white tracking-tight"[39m
            [36m>[39m
              [0mProfile Settings[0m
            [36m</h1>[39m
            [36m<p[39m
              [33mclass[39m=[32m"text-slate-500 dark:text-slate-400 mt-2 
text-lg"[39m
            [36m>[39m
              [0mManage your personal details and public profile.[0m
            [36m</p>[39m
          [36m</div>[39m
          [36m<form[39m
            [33mclass[39m=[32m"space-y-6"[39m
          [36m>[39m
            [36m<div[39m
              [33mclass[39m=[32m"bg-white dark:bg-slate-800 border 
border-slate-200 dark:border-slate-700 rounded-2xl p-8 relative 
overflow-hidden"[39m
            [36m>[39m
              [36m<div[39m
                [33mclass[39m=[32m"absolute top-0 right-0 w-64 h-64 
bg-blue-600/5 blur-[100px] -mr-20 -mt-20"[39m
              [36m/>[39m
              [36m<div[39m
                [33mclass[39m=[32m"relative z-10 flex flex-col lg:flex-row 
gap-8 items-start"[39m
              [36m>[39m
                [36m<div[39m
                  [33mclass[39m=[32m"flex flex-col items-center space-y-4 
lg:w-44 shrink-0"[39m
                [36m>[39m
                  [36m<div[39m
                    [33mclass[39m=[32m"relative group"[39m
                  [36m>[39m
                    [36m<div[39m
                      [33mclass[39m=[32m"w-36 h-36 rounded-2xl 
overflow-hidden bg-blue-100 dark:bg-blue-900/30 border-2 border-blue-500/20 
shadow-md transition-transform group-hover:scale-[1.02] duration-300"[39m
                    [36m>[39m
                      [36m<div[39m
                        [33mclass[39m=[32m"w-full h-full flex items-center 
justify-center text-5xl font-bold text-blue-600 dark:text-blue-400"[39m
                      [36m>[39m
                        [0mU[0m
                      [36m</div>[39m
                    [36m</div>[39m
                    [36m<button[39m
                      [33mclass[39m=[32m"absolute -bottom-2 -right-2 
bg-blue-600 hover:bg-blue-500 text-white p-2.5 rounded-xl shadow-lg 
shadow-blue-600/30 transition-all active:scale-90 hover:rotate-3"[39m
                      [33mtitle[39m=[32m"Upload photo"[39m
                      [33mtype[39m=[32m"button"[39m
                    [36m>[39m
                      [36m<svg[39m
                        [33maria-hidden[39m=[32m"true"[39m
                        [33mclass[39m=[32m"lucide lucide-camera w-4 
h-4"[39m
                        [33mfill[39m=[32m"none"[39m
                        [33mheight[39m=[32m"24"[39m
                        [33mstroke[39m=[32m"currentColor"[39m
                        [33mstroke-linecap[39m=[32m"round"[39m
                        [33mstroke-linejoin[39m=[32m"round"[39m
                        [33mstroke-width[39m=[32m"2"[39m
                        [33mviewBox[39m=[32m"0 0 24 24"[39m
                        [33mwidth[39m=[32m"24"[39m
                        [33mxmlns[39m=[32m"http://www.w3.org/2000/svg"[39m
                      [36m>[39m
                        [36m<path[39m
                          [33md[39m=[32m"M13.997 4a2 2 0 0 1 1.76 
1.05l.486.9A2 2 0 0 0 18.003 7H20a2 2 0 0 1 2 2v9a2 2 0 0 1-2 2H4a2 2 0 0 
1-2-2V9a2 2 0 0 1 2-2h1.997a2 2 0 0 0 1.759-1.048l.489-.904A2 2 0 0 1 10.004 
4z"[39m
                        [36m/>[39m
                        [36m<circle[39m
                          [33mcx[39m=[32m"12"[39m
                          [33mcy[39m=[32m"13"[39m
                          [33mr[39m=[32m"3"[39m
                        [36m/>[39m
                      [36m</svg>[39m
                    [36m</button>[39m
                    [36m<input[39m
                      [33maccept[39m=[32m"image/*"[39m
                      [33mclass[39m=[32m"hidden"[39m
                      [33mtype[39m=[32m"file"[39m
                    [36m/>[39m
                  [36m</div>[39m
                  [36m<div[39m
                    [33mclass[39m=[32m"flex gap-2"[39m
                  [36m>[39m
                    [36m<button[39m
                      [33mclass[39m=[32m"text-xs font-semibold 
text-blue-600 dark:text-blue-400 hover:text-blue-300 transition-colors"[39m
                      [33mtype[39m=[32m"button"[39m
                    [36m>[39m
                      [0mUpload[0m
                    [36m</button>[39m
                  [36m</div>[39m
                  [36m<div[39m
                    [33mclass[39m=[32m"text-center space-y-2"[39m
                  [36m>[39m
                    [36m<div[39m
                      [33mclass[39m=[32m"inline-flex px-3 py-1 rounded-full 
bg-blue-100 dark:bg-blue-900/30 text-blue-600 dark:text-blue-400 text-[10px] 
font-bold uppercase tracking-widest border border-blue-500/20"[39m
                    [36m>[39m
                      [0mSTUDENT[0m
                    [36m</div>[39m
                  [36m</div>[39m
                [36m</div>[39m
                [36m<div[39m
                  [33mclass[39m=[32m"flex-1 space-y-5 w-full"[39m
                [36m>[39m
                  [36m<div[39m
                    [33mclass[39m=[32m"grid grid-cols-1 md:grid-cols-2 
gap-5"[39m
                  [36m>[39m
                    [36m<div[39m
                      [33mclass[39m=[32m"space-y-2"[39m
                    [36m>[39m
                      [36m<label[39m
                        [33mclass[39m=[32m"text-xs font-bold uppercase 
tracking-widest text-slate-500 dark:text-slate-400 ml-1"[39m
                      [36m>[39m
                        [0mFull Name[0m
                      [36m</label>[39m
                      [36m<div[39m
                        [33mclass[39m=[32m"relative group"[39m
                      [36m>[39m
                        [36m<svg[39m
                          [33maria-hidden[39m=[32m"true"[39m
                          [33mclass[39m=[32m"lucide lucide-user absolute 
left-4 top-1/2 -translate-y-1/2 w-5 h-5 text-slate-500 dark:text-slate-400 
group-focus-within:text-blue-600 dark:group-focus-within:text-blue-400 
transition-colors"[39m
                          [33mfill[39m=[32m"none"[39m
                          [33mheight[39m=[32m"24"[39m
                          [33mstroke[39m=[32m"currentColor"[39m
                          [33mstroke-linecap[39m=[32m"round"[39m
                          [33mstroke-linejoin[39m=[32m"round"[39m
                          [33mstroke-width[39m=[32m"2"[39m
                          [33mviewBox[39m=[32m"0 0 24 24"[39m
                          [33mwidth[39m=[32m"24"[39m
                          
[33mxmlns[39m=[32m"http://www.w3.org/2000/svg"[39m
                        [36m>[39m
                          [36m<path[39m
            ...

    [0m [90m 44 |[39m       expect(screen[33m.[39mgetByText([32m'Profile 
Settings'[39m))[33m.[39mtoBeInTheDocument()[33m;[39m
     [90m 45 |[39m     })[33m;[39m
    [31m[1m>[22m[39m[90m 46 |[39m     
expect(screen[33m.[39mgetByPlaceholderText([32m'Enter your full 
name'[39m))[33m.[39mtoBeInTheDocument()[33m;[39m
     [90m    |[39m                   [31m[1m^[22m[39m
     [90m 47 |[39m   })[33m;[39m
     [90m 48 |[39m
     [90m 49 |[39m   test([32m'loads profile data'[39m[33m,[39m 
[36masync[39m () [33m=>[39m {[0m

      at Object.getElementError 
(node_modules/@testing-library/dom/dist/config.js:37:19)
      at node_modules/@testing-library/dom/dist/query-helpers.js:76:38
      at node_modules/@testing-library/dom/dist/query-helpers.js:52:17
      at node_modules/@testing-library/dom/dist/query-helpers.js:95:19
      at Object.getByPlaceholderText (__tests__/pages/Profile.test.tsx:46:19)

  ΓùÅ Profile Page ΓÇ║ updates profile on form submit

    TestingLibraryElementError: Unable to find an element with the placeholder 
text of: Enter your full name

    Ignored nodes: comments, script, style
    [36m<body>[39m
      [36m<div>[39m
        [36m<div[39m
          [33mclass[39m=[32m"max-w-5xl mx-auto animate-in fade-in 
duration-700"[39m
        [36m>[39m
          [36m<div[39m
            [33mclass[39m=[32m"mb-8"[39m
          [36m>[39m
            [36m<p[39m
              [33mclass[39m=[32m"text-blue-600 dark:text-blue-400 text-sm 
font-bold uppercase tracking-widest mb-1"[39m
            [36m>[39m
              [0mSettings[0m
            [36m</p>[39m
            [36m<h1[39m
              [33mclass[39m=[32m"text-4xl font-extrabold text-slate-900 
dark:text-white tracking-tight"[39m
            [36m>[39m
              [0mProfile Settings[0m
            [36m</h1>[39m
            [36m<p[39m
              [33mclass[39m=[32m"text-slate-500 dark:text-slate-400 mt-2 
text-lg"[39m
            [36m>[39m
              [0mManage your personal details and public profile.[0m
            [36m</p>[39m
          [36m</div>[39m
          [36m<form[39m
            [33mclass[39m=[32m"space-y-6"[39m
          [36m>[39m
            [36m<div[39m
              [33mclass[39m=[32m"bg-white dark:bg-slate-800 border 
border-slate-200 dark:border-slate-700 rounded-2xl p-8 relative 
overflow-hidden"[39m
            [36m>[39m
              [36m<div[39m
                [33mclass[39m=[32m"absolute top-0 right-0 w-64 h-64 
bg-blue-600/5 blur-[100px] -mr-20 -mt-20"[39m
              [36m/>[39m
              [36m<div[39m
                [33mclass[39m=[32m"relative z-10 flex flex-col lg:flex-row 
gap-8 items-start"[39m
              [36m>[39m
                [36m<div[39m
                  [33mclass[39m=[32m"flex flex-col items-center space-y-4 
lg:w-44 shrink-0"[39m
                [36m>[39m
                  [36m<div[39m
                    [33mclass[39m=[32m"relative group"[39m
                  [36m>[39m
                    [36m<div[39m
                      [33mclass[39m=[32m"w-36 h-36 rounded-2xl 
overflow-hidden bg-blue-100 dark:bg-blue-900/30 border-2 border-blue-500/20 
shadow-md transition-transform group-hover:scale-[1.02] duration-300"[39m
                    [36m>[39m
                      [36m<div[39m
                        [33mclass[39m=[32m"w-full h-full flex items-center 
justify-center text-5xl font-bold text-blue-600 dark:text-blue-400"[39m
                      [36m>[39m
                        [0mU[0m
                      [36m</div>[39m
                    [36m</div>[39m
                    [36m<button[39m
                      [33mclass[39m=[32m"absolute -bottom-2 -right-2 
bg-blue-600 hover:bg-blue-500 text-white p-2.5 rounded-xl shadow-lg 
shadow-blue-600/30 transition-all active:scale-90 hover:rotate-3"[39m
                      [33mtitle[39m=[32m"Upload photo"[39m
                      [33mtype[39m=[32m"button"[39m
                    [36m>[39m
                      [36m<svg[39m
                        [33maria-hidden[39m=[32m"true"[39m
                        [33mclass[39m=[32m"lucide lucide-camera w-4 
h-4"[39m
                        [33mfill[39m=[32m"none"[39m
                        [33mheight[39m=[32m"24"[39m
                        [33mstroke[39m=[32m"currentColor"[39m
                        [33mstroke-linecap[39m=[32m"round"[39m
                        [33mstroke-linejoin[39m=[32m"round"[39m
                        [33mstroke-width[39m=[32m"2"[39m
                        [33mviewBox[39m=[32m"0 0 24 24"[39m
                        [33mwidth[39m=[32m"24"[39m
                        [33mxmlns[39m=[32m"http://www.w3.org/2000/svg"[39m
                      [36m>[39m
                        [36m<path[39m
                          [33md[39m=[32m"M13.997 4a2 2 0 0 1 1.76 
1.05l.486.9A2 2 0 0 0 18.003 7H20a2 2 0 0 1 2 2v9a2 2 0 0 1-2 2H4a2 2 0 0 
1-2-2V9a2 2 0 0 1 2-2h1.997a2 2 0 0 0 1.759-1.048l.489-.904A2 2 0 0 1 10.004 
4z"[39m
                        [36m/>[39m
                        [36m<circle[39m
                          [33mcx[39m=[32m"12"[39m
                          [33mcy[39m=[32m"13"[39m
                          [33mr[39m=[32m"3"[39m
                        [36m/>[39m
                      [36m</svg>[39m
                    [36m</button>[39m
                    [36m<input[39m
                      [33maccept[39m=[32m"image/*"[39m
                      [33mclass[39m=[32m"hidden"[39m
                      [33mtype[39m=[32m"file"[39m
                    [36m/>[39m
                  [36m</div>[39m
                  [36m<div[39m
                    [33mclass[39m=[32m"flex gap-2"[39m
                  [36m>[39m
                    [36m<button[39m
                      [33mclass[39m=[32m"text-xs font-semibold 
text-blue-600 dark:text-blue-400 hover:text-blue-300 transition-colors"[39m
                      [33mtype[39m=[32m"button"[39m
                    [36m>[39m
                      [0mUpload[0m
                    [36m</button>[39m
                  [36m</div>[39m
                  [36m<div[39m
                    [33mclass[39m=[32m"text-center space-y-2"[39m
                  [36m>[39m
                    [36m<div[39m
                      [33mclass[39m=[32m"inline-flex px-3 py-1 rounded-full 
bg-blue-100 dark:bg-blue-900/30 text-blue-600 dark:text-blue-400 text-[10px] 
font-bold uppercase tracking-widest border border-blue-500/20"[39m
                    [36m>[39m
                      [0mSTUDENT[0m
                    [36m</div>[39m
                  [36m</div>[39m
                [36m</div>[39m
                [36m<div[39m
                  [33mclass[39m=[32m"flex-1 space-y-5 w-full"[39m
                [36m>[39m
                  [36m<div[39m
                    [33mclass[39m=[32m"grid grid-cols-1 md:grid-cols-2 
gap-5"[39m
                  [36m>[39m
                    [36m<div[39m
                      [33mclass[39m=[32m"space-y-2"[39m
                    [36m>[39m
                      [36m<label[39m
                        [33mclass[39m=[32m"text-xs font-bold uppercase 
tracking-widest text-slate-500 dark:text-slate-400 ml-1"[39m
                      [36m>[39m
                        [0mFull Name[0m
                      [36m</label>[39m
                      [36m<div[39m
                        [33mclass[39m=[32m"relative group"[39m
                      [36m>[39m
                        [36m<svg[39m
                          [33maria-hidden[39m=[32m"true"[39m
                          [33mclass[39m=[32m"lucide lucide-user absolute 
left-4 top-1/2 -translate-y-1/2 w-5 h-5 text-slate-500 dark:text-slate-400 
group-focus-within:text-blue-600 dark:group-focus-within:text-blue-400 
transition-colors"[39m
                          [33mfill[39m=[32m"none"[39m
                          [33mheight[39m=[32m"24"[39m
                          [33mstroke[39m=[32m"currentColor"[39m
                          [33mstroke-linecap[39m=[32m"round"[39m
                          [33mstroke-linejoin[39m=[32m"round"[39m
                          [33mstroke-width[39m=[32m"2"[39m
                          [33mviewBox[39m=[32m"0 0 24 24"[39m
                          [33mwidth[39m=[32m"24"[39m
                          
[33mxmlns[39m=[32m"http://www.w3.org/2000/svg"[39m
                        [36m>[39m
                          [36m<path[39m
            ...

    [0m [90m 79 |[39m     render([33m<[39m[33mProfilePage[39m 
[33m/[39m[33m>[39m)[33m;[39m
     [90m 80 |[39m
    [31m[1m>[22m[39m[90m 81 |[39m     [36mconst[39m nameInput 
[33m=[39m screen[33m.[39mgetByPlaceholderText([32m'Enter your full 
name'[39m)[33m;[39m
     [90m    |[39m                              [31m[1m^[22m[39m
     [90m 82 |[39m     [36mconst[39m submitButton [33m=[39m 
screen[33m.[39mgetByRole([32m'button'[39m[33m,[39m { name[33m:[39m 
[35m/save changes/i[39m })[33m;[39m
     [90m 83 |[39m
     [90m 84 |[39m     [36mawait[39m 
user[33m.[39mclear(nameInput)[33m;[39m[0m

      at Object.getElementError 
(node_modules/@testing-library/dom/dist/config.js:37:19)
      at node_modules/@testing-library/dom/dist/query-helpers.js:76:38
      at node_modules/@testing-library/dom/dist/query-helpers.js:52:17
      at node_modules/@testing-library/dom/dist/query-helpers.js:95:19
      at Object.getByPlaceholderText (__tests__/pages/Profile.test.tsx:81:30)

  ΓùÅ Profile Page ΓÇ║ shows validation errors

    TestingLibraryElementError: Unable to find an element with the placeholder 
text of: Enter your full name

    Ignored nodes: comments, script, style
    [36m<body>[39m
      [36m<div>[39m
        [36m<div[39m
          [33mclass[39m=[32m"max-w-5xl mx-auto animate-in fade-in 
duration-700"[39m
        [36m>[39m
          [36m<div[39m
            [33mclass[39m=[32m"mb-8"[39m
          [36m>[39m
            [36m<p[39m
              [33mclass[39m=[32m"text-blue-600 dark:text-blue-400 text-sm 
font-bold uppercase tracking-widest mb-1"[39m
            [36m>[39m
              [0mSettings[0m
            [36m</p>[39m
            [36m<h1[39m
              [33mclass[39m=[32m"text-4xl font-extrabold text-slate-900 
dark:text-white tracking-tight"[39m
            [36m>[39m
              [0mProfile Settings[0m
            [36m</h1>[39m
            [36m<p[39m
              [33mclass[39m=[32m"text-slate-500 dark:text-slate-400 mt-2 
text-lg"[39m
            [36m>[39m
              [0mManage your personal details and public profile.[0m
            [36m</p>[39m
          [36m</div>[39m
          [36m<form[39m
            [33mclass[39m=[32m"space-y-6"[39m
          [36m>[39m
            [36m<div[39m
              [33mclass[39m=[32m"bg-white dark:bg-slate-800 border 
border-slate-200 dark:border-slate-700 rounded-2xl p-8 relative 
overflow-hidden"[39m
            [36m>[39m
              [36m<div[39m
                [33mclass[39m=[32m"absolute top-0 right-0 w-64 h-64 
bg-blue-600/5 blur-[100px] -mr-20 -mt-20"[39m
              [36m/>[39m
              [36m<div[39m
                [33mclass[39m=[32m"relative z-10 flex flex-col lg:flex-row 
gap-8 items-start"[39m
              [36m>[39m
                [36m<div[39m
                  [33mclass[39m=[32m"flex flex-col items-center space-y-4 
lg:w-44 shrink-0"[39m
                [36m>[39m
                  [36m<div[39m
                    [33mclass[39m=[32m"relative group"[39m
                  [36m>[39m
                    [36m<div[39m
                      [33mclass[39m=[32m"w-36 h-36 rounded-2xl 
overflow-hidden bg-blue-100 dark:bg-blue-900/30 border-2 border-blue-500/20 
shadow-md transition-transform group-hover:scale-[1.02] duration-300"[39m
                    [36m>[39m
                      [36m<div[39m
                        [33mclass[39m=[32m"w-full h-full flex items-center 
justify-center text-5xl font-bold text-blue-600 dark:text-blue-400"[39m
                      [36m>[39m
                        [0mU[0m
                      [36m</div>[39m
                    [36m</div>[39m
                    [36m<button[39m
                      [33mclass[39m=[32m"absolute -bottom-2 -right-2 
bg-blue-600 hover:bg-blue-500 text-white p-2.5 rounded-xl shadow-lg 
shadow-blue-600/30 transition-all active:scale-90 hover:rotate-3"[39m
                      [33mtitle[39m=[32m"Upload photo"[39m
                      [33mtype[39m=[32m"button"[39m
                    [36m>[39m
                      [36m<svg[39m
                        [33maria-hidden[39m=[32m"true"[39m
                        [33mclass[39m=[32m"lucide lucide-camera w-4 
h-4"[39m
                        [33mfill[39m=[32m"none"[39m
                        [33mheight[39m=[32m"24"[39m
                        [33mstroke[39m=[32m"currentColor"[39m
                        [33mstroke-linecap[39m=[32m"round"[39m
                        [33mstroke-linejoin[39m=[32m"round"[39m
                        [33mstroke-width[39m=[32m"2"[39m
                        [33mviewBox[39m=[32m"0 0 24 24"[39m
                        [33mwidth[39m=[32m"24"[39m
                        [33mxmlns[39m=[32m"http://www.w3.org/2000/svg"[39m
                      [36m>[39m
                        [36m<path[39m
                          [33md[39m=[32m"M13.997 4a2 2 0 0 1 1.76 
1.05l.486.9A2 2 0 0 0 18.003 7H20a2 2 0 0 1 2 2v9a2 2 0 0 1-2 2H4a2 2 0 0 
1-2-2V9a2 2 0 0 1 2-2h1.997a2 2 0 0 0 1.759-1.048l.489-.904A2 2 0 0 1 10.004 
4z"[39m
                        [36m/>[39m
                        [36m<circle[39m
                          [33mcx[39m=[32m"12"[39m
                          [33mcy[39m=[32m"13"[39m
                          [33mr[39m=[32m"3"[39m
                        [36m/>[39m
                      [36m</svg>[39m
                    [36m</button>[39m
                    [36m<input[39m
                      [33maccept[39m=[32m"image/*"[39m
                      [33mclass[39m=[32m"hidden"[39m
                      [33mtype[39m=[32m"file"[39m
                    [36m/>[39m
                  [36m</div>[39m
                  [36m<div[39m
                    [33mclass[39m=[32m"flex gap-2"[39m
                  [36m>[39m
                    [36m<button[39m
                      [33mclass[39m=[32m"text-xs font-semibold 
text-blue-600 dark:text-blue-400 hover:text-blue-300 transition-colors"[39m
                      [33mtype[39m=[32m"button"[39m
                    [36m>[39m
                      [0mUpload[0m
                    [36m</button>[39m
                  [36m</div>[39m
                  [36m<div[39m
                    [33mclass[39m=[32m"text-center space-y-2"[39m
                  [36m>[39m
                    [36m<div[39m
                      [33mclass[39m=[32m"inline-flex px-3 py-1 rounded-full 
bg-blue-100 dark:bg-blue-900/30 text-blue-600 dark:text-blue-400 text-[10px] 
font-bold uppercase tracking-widest border border-blue-500/20"[39m
                    [36m>[39m
                      [0mSTUDENT[0m
                    [36m</div>[39m
                  [36m</div>[39m
                [36m</div>[39m
                [36m<div[39m
                  [33mclass[39m=[32m"flex-1 space-y-5 w-full"[39m
                [36m>[39m
                  [36m<div[39m
                    [33mclass[39m=[32m"grid grid-cols-1 md:grid-cols-2 
gap-5"[39m
                  [36m>[39m
                    [36m<div[39m
                      [33mclass[39m=[32m"space-y-2"[39m
                    [36m>[39m
                      [36m<label[39m
                        [33mclass[39m=[32m"text-xs font-bold uppercase 
tracking-widest text-slate-500 dark:text-slate-400 ml-1"[39m
                      [36m>[39m
                        [0mFull Name[0m
                      [36m</label>[39m
                      [36m<div[39m
                        [33mclass[39m=[32m"relative group"[39m
                      [36m>[39m
                        [36m<svg[39m
                          [33maria-hidden[39m=[32m"true"[39m
                          [33mclass[39m=[32m"lucide lucide-user absolute 
left-4 top-1/2 -translate-y-1/2 w-5 h-5 text-slate-500 dark:text-slate-400 
group-focus-within:text-blue-600 dark:group-focus-within:text-blue-400 
transition-colors"[39m
                          [33mfill[39m=[32m"none"[39m
                          [33mheight[39m=[32m"24"[39m
                          [33mstroke[39m=[32m"currentColor"[39m
                          [33mstroke-linecap[39m=[32m"round"[39m
                          [33mstroke-linejoin[39m=[32m"round"[39m
                          [33mstroke-width[39m=[32m"2"[39m
                          [33mviewBox[39m=[32m"0 0 24 24"[39m
                          [33mwidth[39m=[32m"24"[39m
                          
[33mxmlns[39m=[32m"http://www.w3.org/2000/svg"[39m
                        [36m>[39m
                          [36m<path[39m
            ...

    [0m [90m  95 |[39m     render([33m<[39m[33mProfilePage[39m 
[33m/[39m[33m>[39m)[33m;[39m
     [90m  96 |[39m
    [31m[1m>[22m[39m[90m  97 |[39m     [36mconst[39m nameInput 
[33m=[39m screen[33m.[39mgetByPlaceholderText([32m'Enter your full 
name'[39m)[33m;[39m
     [90m     |[39m                              [31m[1m^[22m[39m
     [90m  98 |[39m     [36mconst[39m submitButton [33m=[39m 
screen[33m.[39mgetByRole([32m'button'[39m[33m,[39m { name[33m:[39m 
[35m/save changes/i[39m })[33m;[39m
     [90m  99 |[39m
     [90m 100 |[39m     [36mawait[39m 
user[33m.[39mclear(nameInput)[33m;[39m[0m

      at Object.getElementError 
(node_modules/@testing-library/dom/dist/config.js:37:19)
      at node_modules/@testing-library/dom/dist/query-helpers.js:76:38
      at node_modules/@testing-library/dom/dist/query-helpers.js:52:17
      at node_modules/@testing-library/dom/dist/query-helpers.js:95:19
      at Object.getByPlaceholderText (__tests__/pages/Profile.test.tsx:97:30)

  ΓùÅ Profile Page ΓÇ║ handles image upload

    TestingLibraryElementError: Unable to find a label with the text of: 
Change profile picture

    Ignored nodes: comments, script, style
    [36m<body>[39m
      [36m<div>[39m
        [36m<div[39m
          [33mclass[39m=[32m"max-w-5xl mx-auto animate-in fade-in 
duration-700"[39m
        [36m>[39m
          [36m<div[39m
            [33mclass[39m=[32m"mb-8"[39m
          [36m>[39m
            [36m<p[39m
              [33mclass[39m=[32m"text-blue-600 dark:text-blue-400 text-sm 
font-bold uppercase tracking-widest mb-1"[39m
            [36m>[39m
              [0mSettings[0m
            [36m</p>[39m
            [36m<h1[39m
              [33mclass[39m=[32m"text-4xl font-extrabold text-slate-900 
dark:text-white tracking-tight"[39m
            [36m>[39m
              [0mProfile Settings[0m
            [36m</h1>[39m
            [36m<p[39m
              [33mclass[39m=[32m"text-slate-500 dark:text-slate-400 mt-2 
text-lg"[39m
            [36m>[39m
              [0mManage your personal details and public profile.[0m
            [36m</p>[39m
          [36m</div>[39m
          [36m<form[39m
            [33mclass[39m=[32m"space-y-6"[39m
          [36m>[39m
            [36m<div[39m
              [33mclass[39m=[32m"bg-white dark:bg-slate-800 border 
border-slate-200 dark:border-slate-700 rounded-2xl p-8 relative 
overflow-hidden"[39m
            [36m>[39m
              [36m<div[39m
                [33mclass[39m=[32m"absolute top-0 right-0 w-64 h-64 
bg-blue-600/5 blur-[100px] -mr-20 -mt-20"[39m
              [36m/>[39m
              [36m<div[39m
                [33mclass[39m=[32m"relative z-10 flex flex-col lg:flex-row 
gap-8 items-start"[39m
              [36m>[39m
                [36m<div[39m
                  [33mclass[39m=[32m"flex flex-col items-center space-y-4 
lg:w-44 shrink-0"[39m
                [36m>[39m
                  [36m<div[39m
                    [33mclass[39m=[32m"relative group"[39m
                  [36m>[39m
                    [36m<div[39m
                      [33mclass[39m=[32m"w-36 h-36 rounded-2xl 
overflow-hidden bg-blue-100 dark:bg-blue-900/30 border-2 border-blue-500/20 
shadow-md transition-transform group-hover:scale-[1.02] duration-300"[39m
                    [36m>[39m
                      [36m<div[39m
                        [33mclass[39m=[32m"w-full h-full flex items-center 
justify-center text-5xl font-bold text-blue-600 dark:text-blue-400"[39m
                      [36m>[39m
                        [0mU[0m
                      [36m</div>[39m
                    [36m</div>[39m
                    [36m<button[39m
                      [33mclass[39m=[32m"absolute -bottom-2 -right-2 
bg-blue-600 hover:bg-blue-500 text-white p-2.5 rounded-xl shadow-lg 
shadow-blue-600/30 transition-all active:scale-90 hover:rotate-3"[39m
                      [33mtitle[39m=[32m"Upload photo"[39m
                      [33mtype[39m=[32m"button"[39m
                    [36m>[39m
                      [36m<svg[39m
                        [33maria-hidden[39m=[32m"true"[39m
                        [33mclass[39m=[32m"lucide lucide-camera w-4 
h-4"[39m
                        [33mfill[39m=[32m"none"[39m
                        [33mheight[39m=[32m"24"[39m
                        [33mstroke[39m=[32m"currentColor"[39m
                        [33mstroke-linecap[39m=[32m"round"[39m
                        [33mstroke-linejoin[39m=[32m"round"[39m
                        [33mstroke-width[39m=[32m"2"[39m
                        [33mviewBox[39m=[32m"0 0 24 24"[39m
                        [33mwidth[39m=[32m"24"[39m
                        [33mxmlns[39m=[32m"http://www.w3.org/2000/svg"[39m
                      [36m>[39m
                        [36m<path[39m
                          [33md[39m=[32m"M13.997 4a2 2 0 0 1 1.76 
1.05l.486.9A2 2 0 0 0 18.003 7H20a2 2 0 0 1 2 2v9a2 2 0 0 1-2 2H4a2 2 0 0 
1-2-2V9a2 2 0 0 1 2-2h1.997a2 2 0 0 0 1.759-1.048l.489-.904A2 2 0 0 1 10.004 
4z"[39m
                        [36m/>[39m
                        [36m<circle[39m
                          [33mcx[39m=[32m"12"[39m
                          [33mcy[39m=[32m"13"[39m
                          [33mr[39m=[32m"3"[39m
                        [36m/>[39m
                      [36m</svg>[39m
                    [36m</button>[39m
                    [36m<input[39m
                      [33maccept[39m=[32m"image/*"[39m
                      [33mclass[39m=[32m"hidden"[39m
                      [33mtype[39m=[32m"file"[39m
                    [36m/>[39m
                  [36m</div>[39m
                  [36m<div[39m
                    [33mclass[39m=[32m"flex gap-2"[39m
                  [36m>[39m
                    [36m<button[39m
                      [33mclass[39m=[32m"text-xs font-semibold 
text-blue-600 dark:text-blue-400 hover:text-blue-300 transition-colors"[39m
                      [33mtype[39m=[32m"button"[39m
                    [36m>[39m
                      [0mUpload[0m
                    [36m</button>[39m
                  [36m</div>[39m
                  [36m<div[39m
                    [33mclass[39m=[32m"text-center space-y-2"[39m
                  [36m>[39m
                    [36m<div[39m
                      [33mclass[39m=[32m"inline-flex px-3 py-1 rounded-full 
bg-blue-100 dark:bg-blue-900/30 text-blue-600 dark:text-blue-400 text-[10px] 
font-bold uppercase tracking-widest border border-blue-500/20"[39m
                    [36m>[39m
                      [0mSTUDENT[0m
                    [36m</div>[39m
                  [36m</div>[39m
                [36m</div>[39m
                [36m<div[39m
                  [33mclass[39m=[32m"flex-1 space-y-5 w-full"[39m
                [36m>[39m
                  [36m<div[39m
                    [33mclass[39m=[32m"grid grid-cols-1 md:grid-cols-2 
gap-5"[39m
                  [36m>[39m
                    [36m<div[39m
                      [33mclass[39m=[32m"space-y-2"[39m
                    [36m>[39m
                      [36m<label[39m
                        [33mclass[39m=[32m"text-xs font-bold uppercase 
tracking-widest text-slate-500 dark:text-slate-400 ml-1"[39m
                      [36m>[39m
                        [0mFull Name[0m
                      [36m</label>[39m
                      [36m<div[39m
                        [33mclass[39m=[32m"relative group"[39m
                      [36m>[39m
                        [36m<svg[39m
                          [33maria-hidden[39m=[32m"true"[39m
                          [33mclass[39m=[32m"lucide lucide-user absolute 
left-4 top-1/2 -translate-y-1/2 w-5 h-5 text-slate-500 dark:text-slate-400 
group-focus-within:text-blue-600 dark:group-focus-within:text-blue-400 
transition-colors"[39m
                          [33mfill[39m=[32m"none"[39m
                          [33mheight[39m=[32m"24"[39m
                          [33mstroke[39m=[32m"currentColor"[39m
                          [33mstroke-linecap[39m=[32m"round"[39m
                          [33mstroke-linejoin[39m=[32m"round"[39m
                          [33mstroke-width[39m=[32m"2"[39m
                          [33mviewBox[39m=[32m"0 0 24 24"[39m
                          [33mwidth[39m=[32m"24"[39m
                          
[33mxmlns[39m=[32m"http://www.w3.org/2000/svg"[39m
                        [36m>[39m
                          [36m<path[39m
            ...

    [0m [90m 111 |[39m     render([33m<[39m[33mProfilePage[39m 
[33m/[39m[33m>[39m)[33m;[39m
     [90m 112 |[39m
    [31m[1m>[22m[39m[90m 113 |[39m     [36mconst[39m fileInput 
[33m=[39m screen[33m.[39mgetByLabelText([32m'Change profile 
picture'[39m)[33m;[39m
     [90m     |[39m                              [31m[1m^[22m[39m
     [90m 114 |[39m     [36mconst[39m file [33m=[39m [36mnew[39m 
[33mFile[39m([[32m'dummy content'[39m][33m,[39m 
[32m'test.png'[39m[33m,[39m { type[33m:[39m [32m'image/png'[39m 
})[33m;[39m
     [90m 115 |[39m
     [90m 116 |[39m     [36mawait[39m 
user[33m.[39mupload(fileInput[33m,[39m file)[33m;[39m[0m

      at Object.getElementError 
(node_modules/@testing-library/dom/dist/config.js:37:19)
      at getAllByLabelText 
(node_modules/@testing-library/dom/dist/queries/label-text.js:111:38)
      at node_modules/@testing-library/dom/dist/query-helpers.js:52:17
      at node_modules/@testing-library/dom/dist/query-helpers.js:95:19
      at Object.getByLabelText (__tests__/pages/Profile.test.tsx:113:30)

PASS __tests__/pages/TutorDetail.test.tsx
PASS __tests__/pages/Booking.test.tsx
PASS __tests__/pages/Chat.test.tsx
FAIL __tests__/pages/TutorsList.test.tsx
  ΓùÅ Console

    console.log
      ≡ƒöº API Service Configuration: { API_URL: 'http://localhost:4000/api' }

      at Object.log (services/api.ts:6:9)

    console.error
      Failed to fetch bookings: TypeError: Cannot read properties of undefined 
(reading 'success')
          at success (C:\Users\ACER\Documents\development\Flutter\Tutor_finder_
Platform\frontend\app\dashboard\tutors\page.tsx:94:29)
          at processTicksAndRejections 
(node:internal/process/task_queues:105:5)

    [0m [90m  99 |[39m                     }
     [90m 100 |[39m                 } [36mcatch[39m (e) {
    [31m[1m>[22m[39m[90m 101 |[39m                     
console[33m.[39merror([32m'Failed to fetch bookings:'[39m[33m,[39m 
e)[33m;[39m
     [90m     |[39m                             [31m[1m^[22m[39m
     [90m 102 |[39m                 }
     [90m 103 |[39m             }
     [90m 104 |[39m         }[33m;[39m[0m

      at error (app/dashboard/tutors/page.tsx:101:29)

    console.error
      Error: AggregateError
          at ignore-listed frames {
        type: 'XMLHttpRequest'
      }

      at VirtualConsole.<anonymous> 
(../../node_modules/@jest/environment-jsdom-abstract/build/index.js:87:23)
      at Object.dispatchError 
(../../node_modules/jsdom/lib/jsdom/living/xhr/xhr-utils.js:65:53)
      at Request.<anonymous> 
(../../node_modules/jsdom/lib/jsdom/living/xhr/XMLHttpRequest-impl.js:655:18)
      at ClientRequest.<anonymous> 
(../../node_modules/jsdom/lib/jsdom/living/helpers/http-request.js:127:14)

    console.error
      Γ¥î Backend connectivity test failed [ERR_NETWORK]: {
        url: 'http://localhost:4000/health',
        message: 'Network Error',
        code: 'ERR_NETWORK',
        status: 'NO_STATUS'
      }

    [0m [90m 25 |[39m         }[33m;[39m
     [90m 26 |[39m         
    [31m[1m>[22m[39m[90m 27 |[39m         
console[33m.[39merror([32m`Γ¥î Backend connectivity test failed 
[${errorDetail.code}]:`[39m[33m,[39m errorDetail)[33m;[39m
     [90m    |[39m                 [31m[1m^[22m[39m
     [90m 28 |[39m         
     [90m 29 |[39m         [36mif[39m (errorDetail[33m.[39mcode 
[33m===[39m [32m'ERR_NETWORK'[39m) {
     [90m 30 |[39m             console[33m.[39merror([32m`≡ƒÜ¿ Backend is 
unreachable at ${BASE_URL}. Ensure the server is running on port 
4000.`[39m)[33m;[39m[0m

      at error (services/api.ts:27:17)

    console.error
      ≡ƒÜ¿ Backend is unreachable at http://localhost:4000. Ensure the server 
is running on port 4000.

    [0m [90m 28 |[39m         
     [90m 29 |[39m         [36mif[39m (errorDetail[33m.[39mcode 
[33m===[39m [32m'ERR_NETWORK'[39m) {
    [31m[1m>[22m[39m[90m 30 |[39m             
console[33m.[39merror([32m`≡ƒÜ¿ Backend is unreachable at ${BASE_URL}. 
Ensure the server is running on port 4000.`[39m)[33m;[39m
     [90m    |[39m                     [31m[1m^[22m[39m
     [90m 31 |[39m         }
     [90m 32 |[39m     }
     [90m 33 |[39m }[33m;[39m[0m

      at error (services/api.ts:30:21)

    console.error
      Failed to fetch bookings: TypeError: Cannot read properties of undefined 
(reading 'success')
          at success (C:\Users\ACER\Documents\development\Flutter\Tutor_finder_
Platform\frontend\app\dashboard\tutors\page.tsx:94:29)

    [0m [90m  99 |[39m                     }
     [90m 100 |[39m                 } [36mcatch[39m (e) {
    [31m[1m>[22m[39m[90m 101 |[39m                     
console[33m.[39merror([32m'Failed to fetch bookings:'[39m[33m,[39m 
e)[33m;[39m
     [90m     |[39m                             [31m[1m^[22m[39m
     [90m 102 |[39m                 }
     [90m 103 |[39m             }
     [90m 104 |[39m         }[33m;[39m[0m

      at error (app/dashboard/tutors/page.tsx:101:29)

    console.error
      Failed to fetch bookings: TypeError: Cannot read properties of undefined 
(reading 'success')
          at success (C:\Users\ACER\Documents\development\Flutter\Tutor_finder_
Platform\frontend\app\dashboard\tutors\page.tsx:94:29)

    [0m [90m  99 |[39m                     }
     [90m 100 |[39m                 } [36mcatch[39m (e) {
    [31m[1m>[22m[39m[90m 101 |[39m                     
console[33m.[39merror([32m'Failed to fetch bookings:'[39m[33m,[39m 
e)[33m;[39m
     [90m     |[39m                             [31m[1m^[22m[39m
     [90m 102 |[39m                 }
     [90m 103 |[39m             }
     [90m 104 |[39m         }[33m;[39m[0m

      at error (app/dashboard/tutors/page.tsx:101:29)

    console.error
      Failed to fetch bookings: TypeError: Cannot read properties of undefined 
(reading 'success')
          at success (C:\Users\ACER\Documents\development\Flutter\Tutor_finder_
Platform\frontend\app\dashboard\tutors\page.tsx:94:29)

    [0m [90m  99 |[39m                     }
     [90m 100 |[39m                 } [36mcatch[39m (e) {
    [31m[1m>[22m[39m[90m 101 |[39m                     
console[33m.[39merror([32m'Failed to fetch bookings:'[39m[33m,[39m 
e)[33m;[39m
     [90m     |[39m                             [31m[1m^[22m[39m
     [90m 102 |[39m                 }
     [90m 103 |[39m             }
     [90m 104 |[39m         }[33m;[39m[0m

      at error (app/dashboard/tutors/page.tsx:101:29)

    console.error
      Failed to fetch bookings: TypeError: Cannot read properties of undefined 
(reading 'success')
          at success (C:\Users\ACER\Documents\development\Flutter\Tutor_finder_
Platform\frontend\app\dashboard\tutors\page.tsx:94:29)

    [0m [90m  99 |[39m                     }
     [90m 100 |[39m                 } [36mcatch[39m (e) {
    [31m[1m>[22m[39m[90m 101 |[39m                     
console[33m.[39merror([32m'Failed to fetch bookings:'[39m[33m,[39m 
e)[33m;[39m
     [90m     |[39m                             [31m[1m^[22m[39m
     [90m 102 |[39m                 }
     [90m 103 |[39m             }
     [90m 104 |[39m         }[33m;[39m[0m

      at error (app/dashboard/tutors/page.tsx:101:29)

    console.error
      Failed to fetch bookings: TypeError: Cannot read properties of undefined 
(reading 'success')
          at success (C:\Users\ACER\Documents\development\Flutter\Tutor_finder_
Platform\frontend\app\dashboard\tutors\page.tsx:94:29)

    [0m [90m  99 |[39m                     }
     [90m 100 |[39m                 } [36mcatch[39m (e) {
    [31m[1m>[22m[39m[90m 101 |[39m                     
console[33m.[39merror([32m'Failed to fetch bookings:'[39m[33m,[39m 
e)[33m;[39m
     [90m     |[39m                             [31m[1m^[22m[39m
     [90m 102 |[39m                 }
     [90m 103 |[39m             }
     [90m 104 |[39m         }[33m;[39m[0m

      at error (app/dashboard/tutors/page.tsx:101:29)

    console.error
      Failed to fetch bookings: TypeError: Cannot read properties of undefined 
(reading 'success')
          at success (C:\Users\ACER\Documents\development\Flutter\Tutor_finder_
Platform\frontend\app\dashboard\tutors\page.tsx:94:29)

    [0m [90m  99 |[39m                     }
     [90m 100 |[39m                 } [36mcatch[39m (e) {
    [31m[1m>[22m[39m[90m 101 |[39m                     
console[33m.[39merror([32m'Failed to fetch bookings:'[39m[33m,[39m 
e)[33m;[39m
     [90m     |[39m                             [31m[1m^[22m[39m
     [90m 102 |[39m                 }
     [90m 103 |[39m             }
     [90m 104 |[39m         }[33m;[39m[0m

      at error (app/dashboard/tutors/page.tsx:101:29)

    console.error
      Failed to fetch bookings: TypeError: Cannot read properties of undefined 
(reading 'success')
          at success (C:\Users\ACER\Documents\development\Flutter\Tutor_finder_
Platform\frontend\app\dashboard\tutors\page.tsx:94:29)

    [0m [90m  99 |[39m                     }
     [90m 100 |[39m                 } [36mcatch[39m (e) {
    [31m[1m>[22m[39m[90m 101 |[39m                     
console[33m.[39merror([32m'Failed to fetch bookings:'[39m[33m,[39m 
e)[33m;[39m
     [90m     |[39m                             [31m[1m^[22m[39m
     [90m 102 |[39m                 }
     [90m 103 |[39m             }
     [90m 104 |[39m         }[33m;[39m[0m

      at error (app/dashboard/tutors/page.tsx:101:29)

    console.error
      Failed to fetch bookings: TypeError: Cannot read properties of undefined 
(reading 'success')
          at success (C:\Users\ACER\Documents\development\Flutter\Tutor_finder_
Platform\frontend\app\dashboard\tutors\page.tsx:94:29)

    [0m [90m  99 |[39m                     }
     [90m 100 |[39m                 } [36mcatch[39m (e) {
    [31m[1m>[22m[39m[90m 101 |[39m                     
console[33m.[39merror([32m'Failed to fetch bookings:'[39m[33m,[39m 
e)[33m;[39m
     [90m     |[39m                             [31m[1m^[22m[39m
     [90m 102 |[39m                 }
     [90m 103 |[39m             }
     [90m 104 |[39m         }[33m;[39m[0m

      at error (app/dashboard/tutors/page.tsx:101:29)

    console.error
      Failed to fetch bookings: TypeError: Cannot read properties of undefined 
(reading 'success')
          at success (C:\Users\ACER\Documents\development\Flutter\Tutor_finder_
Platform\frontend\app\dashboard\tutors\page.tsx:94:29)

    [0m [90m  99 |[39m                     }
     [90m 100 |[39m                 } [36mcatch[39m (e) {
    [31m[1m>[22m[39m[90m 101 |[39m                     
console[33m.[39merror([32m'Failed to fetch bookings:'[39m[33m,[39m 
e)[33m;[39m
     [90m     |[39m                             [31m[1m^[22m[39m
     [90m 102 |[39m                 }
     [90m 103 |[39m             }
     [90m 104 |[39m         }[33m;[39m[0m

      at error (app/dashboard/tutors/page.tsx:101:29)

    console.error
      Failed to fetch bookings: TypeError: Cannot read properties of undefined 
(reading 'success')
          at success (C:\Users\ACER\Documents\development\Flutter\Tutor_finder_
Platform\frontend\app\dashboard\tutors\page.tsx:94:29)

    [0m [90m  99 |[39m                     }
     [90m 100 |[39m                 } [36mcatch[39m (e) {
    [31m[1m>[22m[39m[90m 101 |[39m                     
console[33m.[39merror([32m'Failed to fetch bookings:'[39m[33m,[39m 
e)[33m;[39m
     [90m     |[39m                             [31m[1m^[22m[39m
     [90m 102 |[39m                 }
     [90m 103 |[39m             }
     [90m 104 |[39m         }[33m;[39m[0m

      at error (app/dashboard/tutors/page.tsx:101:29)

    console.error
      Failed to fetch bookings: TypeError: Cannot read properties of undefined 
(reading 'success')
          at success (C:\Users\ACER\Documents\development\Flutter\Tutor_finder_
Platform\frontend\app\dashboard\tutors\page.tsx:94:29)

    [0m [90m  99 |[39m                     }
     [90m 100 |[39m                 } [36mcatch[39m (e) {
    [31m[1m>[22m[39m[90m 101 |[39m                     
console[33m.[39merror([32m'Failed to fetch bookings:'[39m[33m,[39m 
e)[33m;[39m
     [90m     |[39m                             [31m[1m^[22m[39m
     [90m 102 |[39m                 }
     [90m 103 |[39m             }
     [90m 104 |[39m         }[33m;[39m[0m

      at error (app/dashboard/tutors/page.tsx:101:29)

    console.error
      Failed to fetch bookings: TypeError: Cannot read properties of undefined 
(reading 'success')
          at success (C:\Users\ACER\Documents\development\Flutter\Tutor_finder_
Platform\frontend\app\dashboard\tutors\page.tsx:94:29)

    [0m [90m  99 |[39m                     }
     [90m 100 |[39m                 } [36mcatch[39m (e) {
    [31m[1m>[22m[39m[90m 101 |[39m                     
console[33m.[39merror([32m'Failed to fetch bookings:'[39m[33m,[39m 
e)[33m;[39m
     [90m     |[39m                             [31m[1m^[22m[39m
     [90m 102 |[39m                 }
     [90m 103 |[39m             }
     [90m 104 |[39m         }[33m;[39m[0m

      at error (app/dashboard/tutors/page.tsx:101:29)

  ΓùÅ Tutors List Page ΓÇ║ displays tutors list

    Unable to find an element with the text: Tutor One. This could be because 
the text is broken up by multiple elements. In this case, you can provide a 
function for your text matcher to make your matcher more flexible.

    Ignored nodes: comments, script, style
    [36m<body>[39m
      [36m<div>[39m
        [36m<div[39m
          [33mclass[39m=[32m"space-y-6"[39m
        [36m>[39m
          [36m<div>[39m
            [36m<p[39m
              [33mclass[39m=[32m"text-blue-600 dark:text-blue-400 text-sm 
font-bold uppercase tracking-widest mb-1"[39m
            [36m>[39m
              [0mDiscovery[0m
            [36m</p>[39m
            [36m<h1[39m
              [33mclass[39m=[32m"text-4xl font-extrabold text-slate-900 
dark:text-white mb-2 tracking-tight"[39m
            [36m>[39m
              [0mFind a Tutor[0m
            [36m</h1>[39m
            [36m<p[39m
              [33mclass[39m=[32m"text-slate-500 dark:text-slate-400"[39m
            [36m>[39m
              [0mDiscover expert tutors to help you master any subject.[0m
            [36m</p>[39m
          [36m</div>[39m
          [36m<div[39m
            [33mclass[39m=[32m"flex flex-col md:flex-row gap-3"[39m
          [36m>[39m
            [36m<div[39m
              [33mclass[39m=[32m"relative flex-1"[39m
            [36m>[39m
              [36m<svg[39m
                [33maria-hidden[39m=[32m"true"[39m
                [33mclass[39m=[32m"lucide lucide-search absolute left-4 
top-3.5 h-5 w-5 text-slate-500 dark:text-slate-400"[39m
                [33mfill[39m=[32m"none"[39m
                [33mheight[39m=[32m"24"[39m
                [33mstroke[39m=[32m"currentColor"[39m
                [33mstroke-linecap[39m=[32m"round"[39m
                [33mstroke-linejoin[39m=[32m"round"[39m
                [33mstroke-width[39m=[32m"2"[39m
                [33mviewBox[39m=[32m"0 0 24 24"[39m
                [33mwidth[39m=[32m"24"[39m
                [33mxmlns[39m=[32m"http://www.w3.org/2000/svg"[39m
              [36m>[39m
                [36m<path[39m
                  [33md[39m=[32m"m21 21-4.34-4.34"[39m
                [36m/>[39m
                [36m<circle[39m
                  [33mcx[39m=[32m"11"[39m
                  [33mcy[39m=[32m"11"[39m
                  [33mr[39m=[32m"8"[39m
                [36m/>[39m
              [36m</svg>[39m
              [36m<input[39m
                [33mclass[39m=[32m"w-full pl-12 pr-4 py-3 border 
border-slate-200 dark:border-slate-700 rounded-xl bg-white dark:bg-slate-800 
text-slate-900 dark:text-white placeholder-slate-400 focus:outline-none 
focus:ring-2 focus:ring-blue-500/50 transition-all"[39m
                [33mplaceholder[39m=[32m"Search by name, subject, or 
skill..."[39m
                [33mtype[39m=[32m"text"[39m
                [33mvalue[39m=[32m""[39m
              [36m/>[39m
            [36m</div>[39m
            [36m<div[39m
              [33mclass[39m=[32m"flex gap-2"[39m
            [36m>[39m
              [36m<div[39m
                [33mclass[39m=[32m"relative"[39m
              [36m>[39m
                [36m<select[39m
                  [33mclass[39m=[32m"appearance-none pl-4 pr-10 py-3 
bg-white dark:bg-slate-800 border border-slate-200 dark:border-slate-700 
rounded-xl text-sm text-slate-900 dark:text-white focus:outline-none 
focus:ring-2 focus:ring-blue-500/50 cursor-pointer"[39m
                [36m>[39m
                  [36m<option[39m
                    [33mclass[39m=[32m"bg-white dark:bg-slate-900"[39m
                    [33mvalue[39m=[32m"rating-desc"[39m
                  [36m>[39m
                    [0mHighest Rated[0m
                  [36m</option>[39m
                  [36m<option[39m
                    [33mclass[39m=[32m"bg-white dark:bg-slate-900"[39m
                    [33mvalue[39m=[32m"price-asc"[39m
                  [36m>[39m
                    [0mPrice: Low to High[0m
                  [36m</option>[39m
                  [36m<option[39m
                    [33mclass[39m=[32m"bg-white dark:bg-slate-900"[39m
                    [33mvalue[39m=[32m"price-desc"[39m
                  [36m>[39m
                    [0mPrice: High to Low[0m
                  [36m</option>[39m
                  [36m<option[39m
                    [33mclass[39m=[32m"bg-white dark:bg-slate-900"[39m
                    [33mvalue[39m=[32m"createdAt-desc"[39m
                  [36m>[39m
                    [0mNewest First[0m
                  [36m</option>[39m
                [36m</select>[39m
                [36m<svg[39m
                  [33maria-hidden[39m=[32m"true"[39m
                  [33mclass[39m=[32m"lucide lucide-chevron-down absolute 
right-3 top-3.5 w-4 h-4 text-slate-500 dark:text-slate-400 
pointer-events-none"[39m
                  [33mfill[39m=[32m"none"[39m
                  [33mheight[39m=[32m"24"[39m
                  [33mstroke[39m=[32m"currentColor"[39m
                  [33mstroke-linecap[39m=[32m"round"[39m
                  [33mstroke-linejoin[39m=[32m"round"[39m
                  [33mstroke-width[39m=[32m"2"[39m
                  [33mviewBox[39m=[32m"0 0 24 24"[39m
                  [33mwidth[39m=[32m"24"[39m
                  [33mxmlns[39m=[32m"http://www.w3.org/2000/svg"[39m
                [36m>[39m
                  [36m<path[39m
                    [33md[39m=[32m"m6 9 6 6 6-6"[39m
                  [36m/>[39m
                [36m</svg>[39m
              [36m</div>[39m
              [36m<button[39m
                [33mclass[39m=[32m"flex items-center gap-2 px-4 py-3 
rounded-xl font-bold text-sm transition-all border bg-white dark:bg-slate-800 
text-slate-600 dark:text-slate-300 border-slate-200 dark:border-slate-700 
hover:bg-slate-100 dark:hover:bg-slate-700"[39m
              [36m>[39m
                [36m<svg[39m
                  [33maria-hidden[39m=[32m"true"[39m
                  [33mclass[39m=[32m"lucide lucide-sliders-horizontal w-4 
h-4"[39m
                  [33mfill[39m=[32m"none"[39m
                  [33mheight[39m=[32m"24"[39m
                  [33mstroke[39m=[32m"currentColor"[39m
                  [33mstroke-linecap[39m=[32m"round"[39m
                  [33mstroke-linejoin[39m=[32m"round"[39m
                  [33mstroke-width[39m=[32m"2"[39m
                  [33mviewBox[39m=[32m"0 0 24 24"[39m
                  [33mwidth[39m=[32m"24"[39m
                  [33mxmlns[39m=[32m"http://www.w3.org/2000/svg"[39m
                [36m>[39m
                  [36m<path[39m
                    [33md[39m=[32m"M10 5H3"[39m
                  [36m/>[39m
                  [36m<path[39m
                    [33md[39m=[32m"M12 19H3"[39m
                  [36m/>[39m
                  [36m<path[39m
                    [33md[39m=[32m"M14 3v4"[39m
                  [36m/>[39m
                  [36m<path[39m
                    [33md[39m=[32m"M16 17v4"[39m
                  [36m/>[39m
                  [36m<path[39m
                    [33md[39m=[32m"M21 12h-9"[39m
                  [36m/>[39m
                  [36m<path[39m
                    [33md[39m=[32m"M21 19h-5"[39m
                  [36m/>[39m
                  [36m<path[39m
                    [33md[39m=[32m"M21 5h-7"[39m
                  [36m/>[39m
                  [36m<path[39m
                    [33md[39m=[32m"M8 10v4"[39m
                  [36m/>[39m
                  [36m<path[39m
                    [33md[39m=[32m"M8 12H3"[39m
                  [36m/>[39m
                [36m</svg>[39m
                [0mFilters[0m
              [36m</button>[39m
            [36m</div>[39m
          [36m</div>[39m
          [36m<div[39m
            [33mclass[39m=[32m"flex items-center justify-between"[39m
          [36m>[39m
            [36m<p[39m
              [33mclass[39m=[32m"text-slate-500 dark:text-slate-400 
text-sm"[39m
            [36m>[39m
              [0m1 tutor found[0m
            [36m</p>[39m
          [36m</div>[39m
          [36m<div[39m
            [33mclass[39m=[32m"grid grid-cols-1 md:grid-cols-2 
lg:grid-cols-3 gap-5"[39m
          [36m>[39m
            [36m<div[39m
              [33mclass[39m=[32m"bg-white dark:bg-slate-800 border 
border-slate-200 dark:border-slate-700 rounded-2xl overflow-hidden 
hover:border-blue-300 dark:hover:border-blue-700 transition-all group 
hover:shadow-xl hover:shadow-blue-500/5"[39m
            [36m>[39m
              [36m<div[39m
                [33mclass[39m=[32m"p-5"[39m
              [36m>[39m
                [36m<div[39m
                  [33mclass[39m=[32m"flex items-start justify-between 
mb-4"[39m
                [36m>[39m
                  [36m<div[39m
                    [33mclass[39m=[32m"flex items-center space-x-3"[39m
                  [36m>[39m
                    [36m<div[39m
                      [33mclass[39m=[32m"w-14 h-14 rounded-2xl bg-blue-100 
dark:bg-blue-900/30 flex items-center justify-center text-blue-600 
dark:text-blue-400 font-bold text-xl overflow-hidden shrink-0"[39m
                    [36m>[39m
                      [0mT[0m
                    [36m</div>[39m
                    [36m<div>[39m
                      [36m<div[39m
                        [33mclass[39m=[32m"flex items-center gap-1.5 
mb-0.5"[39m
                      [36m>[39m
                        [36m<h3[39m
                          [33mclass[39m=[32m"font-bold text-slate-900 
dark:text-white"[39m
                        [36m>[39m
                          [0mAnonymous Tutor[0m
                        [36m</h3>[39m
                      [36m</div>[39m
                      [36m<p[39m
                        [33mclass[39m=[32m"text-xs text-slate-500 
dark:text-slate-400"[39m
                      [36m>[39m
                        [0mTutor[0m
                      [36m</p>[39m
                    [36m</div>[39m
                  [36m</div>[39m
                  [36m<div[39m
                    [33mclass[39m=[32m"flex items-center space-x-1 
bg-amber-500/10 px-2.5 py-1.5 rounded-xl border border-amber-500/20"[39m
                  [36m>[39m
                    [36m<svg[39m
                      [33maria-hidden[39m=[32m"true"[39m
                      [33mclass[39m=[32m"lucide lucide-star w-3.5 h-3.5 
text-amber-500 dark:text-amber-400 fill-amber-500 dark:fill-amber-400"[39m
                      [33mfill[39m=[32m"none"[39m
                      [33mheight[39m=[32m"24"[39m
                      [33mstroke[39m=[32m"currentColor"[39m
                      [33mstroke-linecap[39m=[32m"round"[39m
                      [33mstroke-linejoin[39m=[32m"round"[39m
                      [33mstroke-width[39m=[32m"2"[39m
                      [33mviewBox[39m=[32m"0 0 24 24"[39m
                      [33mwidth[39m=[32m"24"[39m
                      [33mxmlns[39m=[32m"http://www.w3.org/2000/svg"[39m
                    [36m>[39m
                      [36m<path[39m
                        [33md[39m=[32m"M11.525 2.295a.53.53 0 0 1 .95 
0l2.31 4.679a2.123 2.123 0 0 0 1.595 1.16l5.166.756a.53.53 0 0 1 
.294.904l-3.736 3.638a2.123 2.123 0 0 0-.611 1.878l.882 5.14a.53.53 0 0 
1-.771.56l-4.618-2.428a2.122 2.122 0 0 0-1.973 0L6.396 21.01a.53.53 0 0 
1-.77-.56l.881-5.139a2.122 2.122 0 0 0-.611-1.879L2.16 9.795a.53.53 0 0 1 
.294-.906l5.165-.755a2.122 2.122 0 0 0 1.597-1.16z"[39m
                      [36m/>[39m
                    [36m</svg>[39m
                    [36m<span[39m
                      [33mclass[39m=[32m"text-sm font-bold text-amber-600 
dark:text-amber-400"[39m
                    [36m>[39m
                      [0m4.5[0m
                    [36m</span>[39m
                  [36m</div>[39m
                [36m</div>[39m
                [36m<div[39m
                  [33mclass[39m=[32m"flex items-center justify-between 
text-sm mb-4"[39m
                [36m>[39m
                  [36m<div />[39m
                [36m</div>[39m
                [36m<div[39m
                  [33mclass[39m=[32m"flex flex-col gap-2"[39m
                [36m>[39m
                  [36m<div[39m
                    [33mclass[39m=[32m"flex items-center gap-2"[39m
                  [36m>[39m
                    [36m<button[39m
                      [33mclass[39m=[32m"flex-1 py-2.5 bg-blue-600 
hover:bg-blue-500 text-white rounded-xl text-sm font-bold transition-all flex 
items-center justify-center gap-2 shadow-lg shadow-blue-600/20"[39m
                    [36m>[39m
                      [36m<svg[39m
                        [33maria-hidden[39m=[32m"true"[39m
                        [33mclass[39m=[32m"lucide lucide-book-open w-4 
h-4"[39m
                        [33mfill[39m=[32m"none"[39m
                        [33mheight[39m=[32m"24"[39m
                        [33mstroke[39m=[32m"currentColor"[39m
                        [33mstroke-linecap[39m=[32m"round"[39m
                        [33mstroke-linejoin[39m=[32m"round"[39m
                        [33mstroke-width[39m=[32m"2"[39m
                        [33mviewBox[39m=[32m"0 0 24 24"[39m
                        [33mwidth[39m=[32m"24"[39m
                        [33mxmlns[39m=[32m"http://www.w3.org/2000/svg"[39m
                      [36m>[39m
                        [36m<path[39m
                          [33md[39m=[32m"M12 7v14"[39m
                        [36m/>[39m
                        [36m<path[39m
                          [33md[39m=[32m"M3 18a1 1 0 0 1-1-1V4a1 1 0 0 1 
1-1h5a4 4 0 0 1 4 4 4 4 0 0 1 4-4h5a1 1 0 0 1 1 1v13a1 1 0 0 1-1 1h-6a3 3 0 0 
0-3 3 3 3 0 0 0-3-3z"[39m
                        [36m/>[39m
                      [36m</svg>[39m
                      [0m Book Now[0m
                    [36m</button>[39m
                    [36m<button[39m
                      [33mclass[39m=[32m"py-2.5 px-3 bg-slate-50 
dark:bg-slate-700 hover:bg-slate-100 dark:hover:bg-slate-700 text-slate-600 
dark:text-slate-300 hover:text-slate-900 dark:hover:text-white rounded-xl 
text-sm font-bold transition-all border border-slate-200 
dark:border-slate-600"[39m
                      [33mtitle[39m=[32m"Message"[39m
                    [36m>[39m
                      [36m<svg[39m
                        [33maria-hidden[39m=[32m"true"[39m
                        [33mclass[39m=[32m"lucide lucide-message-circle w-5 
h-5"[39m
                        [33mfill[39m=[32m"none"[39m
                        [33mheight[39m=[32m"24"[39m
                        [33mstroke[39m=[32m"currentColor"[39m
                        [33mstroke-linecap[39m=[32m"round"[39m
                        [33mstroke-linejoin[39m=[32m"round"[39m
                        [33mstroke-width[39m=[32m"2"[39m
                        [33mviewBox[39m=[32m"0 0 24 24"[39m
                        [33mwidth[39m=[32m"24"[39m
                        [33mxmlns[39m=[32m"http://www.w3.org/2000/svg"[39m
                      [36m>[39m
                        [36m<path[39m
                          [33md[39m=[32m"M2.992 16.342a2 2 0 0 1 .094 
1.167l-1.065 3.29a1 1 0 0 0 1.236 1.168l3.413-.998a2 2 0 0 1 1.099.092 10 10 0 
1 0-4.777-4.719"[39m
                        [36m/>[39m
                      [36m</svg>[39m
                    [36m</button>[39m
                  [36m</div>[39m
                  [36m<button[39m
                    [33mclass[39m=[32m"w-full py-2.5 bg-slate-50 
dark:bg-slate-700 hover:bg-slate-100 dark:hover:bg-slate-700 text-slate-500 
dark:text-slate-400 hover:text-slate-900 dark:hover:text-white border 
border-slate-100 dark:border-slate-700 rounded-xl text-xs font-bold uppercase 
tracking-widest transition-all"[39m
                  [36m>[39m
                    [0mView Full Profile[0m
                  [36m</button>[39m
                [36m</div>[39m
              [36m</div>[39m
            [36m</div>[39m
          [36m</div>[39m
        [36m</div>[39m
      [36m</div>[39m
    [36m</body>[39m

    [0m [90m 51 |[39m     render([33m<[39m[33mTutorsPage[39m 
[33m/[39m[33m>[39m)[33m;[39m
     [90m 52 |[39m
    [31m[1m>[22m[39m[90m 53 |[39m     [36mawait[39m waitFor(() 
[33m=>[39m {
     [90m    |[39m                  [31m[1m^[22m[39m
     [90m 54 |[39m       expect(screen[33m.[39mgetByText([32m"Tutor 
One"[39m))[33m.[39mtoBeInTheDocument()[33m;[39m
     [90m 55 |[39m       expect(screen[33m.[39mgetByText([32m"Mathematics"
[39m))[33m.[39mtoBeInTheDocument()[33m;[39m
     [90m 56 |[39m     })[33m;[39m[0m

      at waitForWrapper 
(node_modules/@testing-library/dom/dist/wait-for.js:163:27)
      at Object.<anonymous> (__tests__/pages/TutorsList.test.tsx:53:18)

  ΓùÅ Tutors List Page ΓÇ║ filters tutors by subject

    TestingLibraryElementError: Found a label with the text of: /Subject/i, 
however no form control was found associated to that label. Make sure you're 
using the "for" attribute or "aria-labelledby" attribute correctly.

    Ignored nodes: comments, script, style
    [36m<body>[39m
      [36m<div>[39m
        [36m<div[39m
          [33mclass[39m=[32m"space-y-6"[39m
        [36m>[39m
          [36m<div>[39m
            [36m<p[39m
              [33mclass[39m=[32m"text-blue-600 dark:text-blue-400 text-sm 
font-bold uppercase tracking-widest mb-1"[39m
            [36m>[39m
              [0mDiscovery[0m
            [36m</p>[39m
            [36m<h1[39m
              [33mclass[39m=[32m"text-4xl font-extrabold text-slate-900 
dark:text-white mb-2 tracking-tight"[39m
            [36m>[39m
              [0mFind a Tutor[0m
            [36m</h1>[39m
            [36m<p[39m
              [33mclass[39m=[32m"text-slate-500 dark:text-slate-400"[39m
            [36m>[39m
              [0mDiscover expert tutors to help you master any subject.[0m
            [36m</p>[39m
          [36m</div>[39m
          [36m<div[39m
            [33mclass[39m=[32m"flex flex-col md:flex-row gap-3"[39m
          [36m>[39m
            [36m<div[39m
              [33mclass[39m=[32m"relative flex-1"[39m
            [36m>[39m
              [36m<svg[39m
                [33maria-hidden[39m=[32m"true"[39m
                [33mclass[39m=[32m"lucide lucide-search absolute left-4 
top-3.5 h-5 w-5 text-slate-500 dark:text-slate-400"[39m
                [33mfill[39m=[32m"none"[39m
                [33mheight[39m=[32m"24"[39m
                [33mstroke[39m=[32m"currentColor"[39m
                [33mstroke-linecap[39m=[32m"round"[39m
                [33mstroke-linejoin[39m=[32m"round"[39m
                [33mstroke-width[39m=[32m"2"[39m
                [33mviewBox[39m=[32m"0 0 24 24"[39m
                [33mwidth[39m=[32m"24"[39m
                [33mxmlns[39m=[32m"http://www.w3.org/2000/svg"[39m
              [36m>[39m
                [36m<path[39m
                  [33md[39m=[32m"m21 21-4.34-4.34"[39m
                [36m/>[39m
                [36m<circle[39m
                  [33mcx[39m=[32m"11"[39m
                  [33mcy[39m=[32m"11"[39m
                  [33mr[39m=[32m"8"[39m
                [36m/>[39m
              [36m</svg>[39m
              [36m<input[39m
                [33mclass[39m=[32m"w-full pl-12 pr-4 py-3 border 
border-slate-200 dark:border-slate-700 rounded-xl bg-white dark:bg-slate-800 
text-slate-900 dark:text-white placeholder-slate-400 focus:outline-none 
focus:ring-2 focus:ring-blue-500/50 transition-all"[39m
                [33mplaceholder[39m=[32m"Search by name, subject, or 
skill..."[39m
                [33mtype[39m=[32m"text"[39m
                [33mvalue[39m=[32m""[39m
              [36m/>[39m
            [36m</div>[39m
            [36m<div[39m
              [33mclass[39m=[32m"flex gap-2"[39m
            [36m>[39m
              [36m<div[39m
                [33mclass[39m=[32m"relative"[39m
              [36m>[39m
                [36m<select[39m
                  [33mclass[39m=[32m"appearance-none pl-4 pr-10 py-3 
bg-white dark:bg-slate-800 border border-slate-200 dark:border-slate-700 
rounded-xl text-sm text-slate-900 dark:text-white focus:outline-none 
focus:ring-2 focus:ring-blue-500/50 cursor-pointer"[39m
                [36m>[39m
                  [36m<option[39m
                    [33mclass[39m=[32m"bg-white dark:bg-slate-900"[39m
                    [33mvalue[39m=[32m"rating-desc"[39m
                  [36m>[39m
                    [0mHighest Rated[0m
                  [36m</option>[39m
                  [36m<option[39m
                    [33mclass[39m=[32m"bg-white dark:bg-slate-900"[39m
                    [33mvalue[39m=[32m"price-asc"[39m
                  [36m>[39m
                    [0mPrice: Low to High[0m
                  [36m</option>[39m
                  [36m<option[39m
                    [33mclass[39m=[32m"bg-white dark:bg-slate-900"[39m
                    [33mvalue[39m=[32m"price-desc"[39m
                  [36m>[39m
                    [0mPrice: High to Low[0m
                  [36m</option>[39m
                  [36m<option[39m
                    [33mclass[39m=[32m"bg-white dark:bg-slate-900"[39m
                    [33mvalue[39m=[32m"createdAt-desc"[39m
                  [36m>[39m
                    [0mNewest First[0m
                  [36m</option>[39m
                [36m</select>[39m
                [36m<svg[39m
                  [33maria-hidden[39m=[32m"true"[39m
                  [33mclass[39m=[32m"lucide lucide-chevron-down absolute 
right-3 top-3.5 w-4 h-4 text-slate-500 dark:text-slate-400 
pointer-events-none"[39m
                  [33mfill[39m=[32m"none"[39m
                  [33mheight[39m=[32m"24"[39m
                  [33mstroke[39m=[32m"currentColor"[39m
                  [33mstroke-linecap[39m=[32m"round"[39m
                  [33mstroke-linejoin[39m=[32m"round"[39m
                  [33mstroke-width[39m=[32m"2"[39m
                  [33mviewBox[39m=[32m"0 0 24 24"[39m
                  [33mwidth[39m=[32m"24"[39m
                  [33mxmlns[39m=[32m"http://www.w3.org/2000/svg"[39m
                [36m>[39m
                  [36m<path[39m
                    [33md[39m=[32m"m6 9 6 6 6-6"[39m
                  [36m/>[39m
                [36m</svg>[39m
              [36m</div>[39m
              [36m<button[39m
                [33mclass[39m=[32m"flex items-center gap-2 px-4 py-3 
rounded-xl font-bold text-sm transition-all border bg-blue-600 text-white 
border-blue-600"[39m
              [36m>[39m
                [36m<svg[39m
                  [33maria-hidden[39m=[32m"true"[39m
                  [33mclass[39m=[32m"lucide lucide-sliders-horizontal w-4 
h-4"[39m
                  [33mfill[39m=[32m"none"[39m
                  [33mheight[39m=[32m"24"[39m
                  [33mstroke[39m=[32m"currentColor"[39m
                  [33mstroke-linecap[39m=[32m"round"[39m
                  [33mstroke-linejoin[39m=[32m"round"[39m
                  [33mstroke-width[39m=[32m"2"[39m
                  [33mviewBox[39m=[32m"0 0 24 24"[39m
                  [33mwidth[39m=[32m"24"[39m
                  [33mxmlns[39m=[32m"http://www.w3.org/2000/svg"[39m
                [36m>[39m
                  [36m<path[39m
                    [33md[39m=[32m"M10 5H3"[39m
                  [36m/>[39m
                  [36m<path[39m
                    [33md[39m=[32m"M12 19H3"[39m
                  [36m/>[39m
                  [36m<path[39m
                    [33md[39m=[32m"M14 3v4"[39m
                  [36m/>[39m
                  [36m<path[39m
                    [33md[39m=[32m"M16 17v4"[39m
                  [36m/>[39m
                  [36m<path[39m
                    [33md[39m=[32m"M21 12h-9"[39m
                  [36m/>[39m
                  [36m<path[39m
                    [33md[39m=[32m"M21 19h-5"[39m
                  [36m/>[39m
                  [36m<path[39m
                    [33md[39m=[32m"M21 5h-7"[39m
                  [36m/>[39m
                  [36m<path[39m
                    [33md[39m=[32m"M8 10v4"[39m
                  [36m/>[39m
                  [36m<path[39m
                    [33md[39m=[32m"M8 12H3"[39m
                  [36m/>[39m
                [36m</svg>[39m
                [0mFilters[0m
              [36m</button>[39m
            [36m</div>[39m
          [36m</div>[39m
          [36m<div[39m
            [...

    [0m [90m 70 |[39m     [36mawait[39m 
user[33m.[39mclick(filterButton)[33m;[39m
     [90m 71 |[39m
    [31m[1m>[22m[39m[90m 72 |[39m     [36mconst[39m subjectSelect 
[33m=[39m screen[33m.[39mgetByLabelText([35m/Subject/i[39m)[33m;[39m
     [90m    |[39m                                  [31m[1m^[22m[39m
     [90m 73 |[39m     [36mawait[39m 
user[33m.[39mselectOptions(subjectSelect[33m,[39m 
[32m"Mathematics"[39m)[33m;[39m
     [90m 74 |[39m
     [90m 75 |[39m     [36mawait[39m waitFor(() [33m=>[39m {[0m

      at Object.getElementError 
(node_modules/@testing-library/dom/dist/config.js:37:19)
      at getAllByLabelText 
(node_modules/@testing-library/dom/dist/queries/label-text.js:108:40)
      at node_modules/@testing-library/dom/dist/query-helpers.js:52:17
      at node_modules/@testing-library/dom/dist/query-helpers.js:95:19
      at Object.getByLabelText (__tests__/pages/TutorsList.test.tsx:72:34)

PASS __tests__/pages/Login.test.tsx
FAIL __tests__/pages/Dashboard.test.tsx
  ΓùÅ Console

    console.error
      TypeError: Cannot read properties of undefined (reading 'success')
          at success (C:\Users\ACER\Documents\development\Flutter\Tutor_finder_
Platform\frontend\app\dashboard\student\page.tsx:65:73)
          at processTicksAndRejections 
(node:internal/process/task_queues:105:5)

    [0m [90m 77 |[39m             }
     [90m 78 |[39m         } [36mcatch[39m (e) {
    [31m[1m>[22m[39m[90m 79 |[39m             
console[33m.[39merror(e)[33m;[39m
     [90m    |[39m                     [31m[1m^[22m[39m
     [90m 80 |[39m         } [36mfinally[39m {
     [90m 81 |[39m             setLoading([36mfalse[39m)[33m;[39m
     [90m 82 |[39m         }[0m

      at error (app/dashboard/student/page.tsx:79:21)

    console.error
      TypeError: Cannot read properties of undefined (reading 'success')
          at success (C:\Users\ACER\Documents\development\Flutter\Tutor_finder_
Platform\frontend\app\dashboard\student\page.tsx:65:73)
          at runNextTicks (node:internal/process/task_queues:65:5)
          at listOnTimeout (node:internal/timers:549:9)
          at processTimers (node:internal/timers:523:7)

    [0m [90m 77 |[39m             }
     [90m 78 |[39m         } [36mcatch[39m (e) {
    [31m[1m>[22m[39m[90m 79 |[39m             
console[33m.[39merror(e)[33m;[39m
     [90m    |[39m                     [31m[1m^[22m[39m
     [90m 80 |[39m         } [36mfinally[39m {
     [90m 81 |[39m             setLoading([36mfalse[39m)[33m;[39m
     [90m 82 |[39m         }[0m

      at error (app/dashboard/student/page.tsx:79:21)

    console.error
      TypeError: Cannot read properties of undefined (reading 'tutors')
          at tutors (C:\Users\ACER\Documents\development\Flutter\Tutor_finder_P
latform\frontend\app\dashboard\student\page.tsx:76:54)

    [0m [90m 77 |[39m             }
     [90m 78 |[39m         } [36mcatch[39m (e) {
    [31m[1m>[22m[39m[90m 79 |[39m             
console[33m.[39merror(e)[33m;[39m
     [90m    |[39m                     [31m[1m^[22m[39m
     [90m 80 |[39m         } [36mfinally[39m {
     [90m 81 |[39m             setLoading([36mfalse[39m)[33m;[39m
     [90m 82 |[39m         }[0m

      at error (app/dashboard/student/page.tsx:79:21)

    console.error
      TypeError: Cannot read properties of undefined (reading 'success')
          at success (C:\Users\ACER\Documents\development\Flutter\Tutor_finder_
Platform\frontend\app\dashboard\student\page.tsx:65:73)

    [0m [90m 77 |[39m             }
     [90m 78 |[39m         } [36mcatch[39m (e) {
    [31m[1m>[22m[39m[90m 79 |[39m             
console[33m.[39merror(e)[33m;[39m
     [90m    |[39m                     [31m[1m^[22m[39m
     [90m 80 |[39m         } [36mfinally[39m {
     [90m 81 |[39m             setLoading([36mfalse[39m)[33m;[39m
     [90m 82 |[39m         }[0m

      at error (app/dashboard/student/page.tsx:79:21)

    console.error
      TypeError: Cannot read properties of undefined (reading 'success')
          at success (C:\Users\ACER\Documents\development\Flutter\Tutor_finder_
Platform\frontend\app\dashboard\student\page.tsx:65:73)

    [0m [90m 77 |[39m             }
     [90m 78 |[39m         } [36mcatch[39m (e) {
    [31m[1m>[22m[39m[90m 79 |[39m             
console[33m.[39merror(e)[33m;[39m
     [90m    |[39m                     [31m[1m^[22m[39m
     [90m 80 |[39m         } [36mfinally[39m {
     [90m 81 |[39m             setLoading([36mfalse[39m)[33m;[39m
     [90m 82 |[39m         }[0m

      at error (app/dashboard/student/page.tsx:79:21)

  ΓùÅ Student Dashboard ΓÇ║ displays stats correctly

    Found multiple elements with the text: 3

    Here are the matching elements:

    Ignored nodes: comments, script, style
    [36m<p[39m
      [33mclass[39m=[32m"text-2xl font-bold text-slate-900 dark:text-white 
mb-0.5"[39m
    [36m>[39m
      [0m3[0m
    [36m</p>[39m

    Ignored nodes: comments, script, style
    [36m<span[39m
      [33mclass[39m=[32m"text-slate-900 dark:text-white font-bold"[39m
    [36m>[39m
      [0m3[0m
    [36m</span>[39m

    (If this is intentional, then use the `*AllBy*` variant of the query (like 
`queryAllByText`, `getAllByText`, or `findAllByText`)).

    Ignored nodes: comments, script, style
    [36m<body>[39m
      [36m<div>[39m
        [36m<div[39m
          [33mclass[39m=[32m"space-y-8 animate-in fade-in duration-700"[39m
        [36m>[39m
          [36m<div[39m
            [33mclass[39m=[32m"flex flex-col md:flex-row md:items-end 
justify-between gap-4"[39m
          [36m>[39m
            [36m<div>[39m
              [36m<div[39m
                [33mclass[39m=[32m"flex items-center gap-4 mb-4"[39m
              [36m>[39m
                [36m<p[39m
                  [33mclass[39m=[32m"text-blue-600 dark:text-blue-400 
text-sm font-bold uppercase tracking-[0.2em]"[39m
                [36m>[39m
                  [0mStudent Dashboard[0m
                [36m</p>[39m
              [36m</div>[39m
              [36m<h1[39m
                [33mclass[39m=[32m"text-4xl font-extrabold text-slate-900 
dark:text-white mb-2 tracking-tight"[39m
              [36m>[39m
                [0mWelcome Back, [0m
                [0mStudent[0m
                [0m! [0m
                [36m<span[39m
                  [33mclass[39m=[32m"animate-bounce inline-block"[39m
                [36m>[39m
                  [0m≡ƒÄô[0m
                [36m</span>[39m
              [36m</h1>[39m
              [36m<p[39m
                [33mclass[39m=[32m"text-slate-500 dark:text-slate-400 
text-lg font-medium"[39m
              [36m>[39m
                [0mReady to continue your learning journey today?[0m
              [36m</p>[39m
            [36m</div>[39m
            [36m<div[39m
              [33mclass[39m=[32m"flex items-center gap-3"[39m
            [36m>[39m
              [36m<a[39m
                [33mclass[39m=[32m"hidden md:flex px-5 py-2.5 bg-blue-600 
hover:bg-blue-500 rounded-xl text-white font-bold transition-all text-sm 
shadow-lg shadow-blue-600/20 items-center gap-2"[39m
                [33mhref[39m=[32m"/dashboard/tutors"[39m
              [36m>[39m
                [36m<svg[39m
                  [33maria-hidden[39m=[32m"true"[39m
                  [33mclass[39m=[32m"lucide lucide-search w-4 h-4"[39m
                  [33mfill[39m=[32m"none"[39m
                  [33mheight[39m=[32m"24"[39m
                  [33mstroke[39m=[32m"currentColor"[39m
                  [33mstroke-linecap[39m=[32m"round"[39m
                  [33mstroke-linejoin[39m=[32m"round"[39m
                  [33mstroke-width[39m=[32m"2"[39m
                  [33mviewBox[39m=[32m"0 0 24 24"[39m
                  [33mwidth[39m=[32m"24"[39m
                  [33mxmlns[39m=[32m"http://www.w3.org/2000/svg"[39m
                [36m>[39m
                  [36m<path[39m
                    [33md[39m=[32m"m21 21-4.34-4.34"[39m
                  [36m/>[39m
                  [36m<circle[39m
                    [33mcx[39m=[32m"11"[39m
                    [33mcy[39m=[32m"11"[39m
                    [33mr[39m=[32m"8"[39m
                  [36m/>[39m
                [36m</svg>[39m
                [0m Find Tutors[0m
              [36m</a>[39m
              [36m<a[39m
                [33mclass[39m=[32m"hidden md:flex px-5 py-2.5 bg-white 
dark:bg-slate-800 border border-slate-200 dark:border-slate-700 
hover:bg-slate-100 dark:hover:bg-slate-700 rounded-xl text-slate-600 
dark:text-slate-300 font-bold transition-all text-sm items-center gap-2"[39m
                [33mhref[39m=[32m"/dashboard/wallet"[39m
              [36m>[39m
                [36m<svg[39m
                  [33maria-hidden[39m=[32m"true"[39m
                  [33mclass[39m=[32m"lucide lucide-banknote w-4 h-4"[39m
                  [33mfill[39m=[32m"none"[39m
                  [33mheight[39m=[32m"24"[39m
                  [33mstroke[39m=[32m"currentColor"[39m
                  [33mstroke-linecap[39m=[32m"round"[39m
                  [33mstroke-linejoin[39m=[32m"round"[39m
                  [33mstroke-width[39m=[32m"2"[39m
                  [33mviewBox[39m=[32m"0 0 24 24"[39m
                  [33mwidth[39m=[32m"24"[39m
                  [33mxmlns[39m=[32m"http://www.w3.org/2000/svg"[39m
                [36m>[39m
                  [36m<rect[39m
                    [33mheight[39m=[32m"12"[39m
                    [33mrx[39m=[32m"2"[39m
                    [33mwidth[39m=[32m"20"[39m
                    [33mx[39m=[32m"2"[39m
                    [33my[39m=[32m"6"[39m
                  [36m/>[39m
                  [36m<circle[39m
                    [33mcx[39m=[32m"12"[39m
                    [33mcy[39m=[32m"12"[39m
                    [33mr[39m=[32m"2"[39m
                  [36m/>[39m
                  [36m<path[39m
                    [33md[39m=[32m"M6 12h.01M18 12h.01"[39m
                  [36m/>[39m
                [36m</svg>[39m
                [0m Wallet[0m
              [36m</a>[39m
              [36m<div[39m
                [33mclass[39m=[32m"bg-white dark:bg-slate-800 border 
border-slate-200 dark:border-slate-700 rounded-xl px-4 py-2 flex items-center 
space-x-2"[39m
              [36m>[39m
                [36m<div[39m
                  [33mclass[39m=[32m"w-2 h-2 rounded-full bg-emerald-500 
animate-pulse"[39m
                [36m/>[39m
                [36m<span[39m
                  [33mclass[39m=[32m"text-xs font-bold text-slate-600 
dark:text-slate-300 uppercase tracking-widest"[39m
                [36m>[39m
                  [0mOnline[0m
                [36m</span>[39m
              [36m</div>[39m
            [36m</div>[39m
          [36m</div>[39m
          [36m<div[39m
            [33mclass[39m=[32m"bg-amber-500/10 border border-amber-500/20 
rounded-2xl p-5 flex flex-col md:flex-row items-center justify-between 
text-amber-800 dark:text-amber-200 gap-4"[39m
          [36m>[39m
            [36m<div[39m
              [33mclass[39m=[32m"flex items-center space-x-4"[39m
            [36m>[39m
              [36m<div[39m
                [33mclass[39m=[32m"w-10 h-10 rounded-xl bg-amber-500/20 
flex items-center justify-center text-xl"[39m
              [36m>[39m
                [0mΓÜá∩╕Å[0m
              [36m</div>[39m
              [36m<div>[39m
                [36m<p[39m
                  [33mclass[39m=[32m"font-bold"[39m
                [36m>[39m
                  [0mYour Profile is Incomplete[0m
                [36m</p>[39m
                [36m<p[39m
                  [33mclass[39m=[32m"text-sm opacity-80"[39m
                [36m>[39m
                  [0mAdding your details helps us match you with the best 
tutors.[0m
                [36m</p>[39m
              [36m</div>[39m
            [36m</div>[39m
            [36m<a[39m
              [33mclass[39m=[32m"shrink-0 px-6 py-2.5 bg-amber-500 
text-black font-bold rounded-xl text-sm hover:bg-amber-400 transition-all"[39m
              [33mhref[39m=[32m"/dashboard/profile"[39m
            [36m>[39m
              [0mFix Now[0m
            [36m</a>[39m
          [36m</div>[39m
          [36m<div[39m
            [33mclass[39m=[32m"grid grid-cols-1 sm:grid-cols-2 
lg:grid-cols-4 gap-5"[39m
          [36m>[39m
            [36m<div[39m
              [33mclass[39m=[32m"bg-white dark:bg-slate-800 border 
border-slate-200 dark:border-slate-700 rounded-2xl p-6 relative 
overflow-hidden group hover:scale-[1.02] transition-all duration-300 
hover:border-slate-300 dark:hover:border-slate-600"[39m
            [36m>[39m
              [36...

    [0m [90m 76 |[39m     render([33m<[39m[33mStudentDashboard[39m 
[33m/[39m[33m>[39m)[33m;[39m
     [90m 77 |[39m
    [31m[1m>[22m[39m[90m 78 |[39m     [36mawait[39m waitFor(() 
[33m=>[39m {
     [90m    |[39m                  [31m[1m^[22m[39m
     [90m 79 |[39m       expect(screen[33m.[39mgetByText([32m"5"[39m))[3
3m.[39mtoBeInTheDocument()[33m;[39m
     [90m 80 |[39m       expect(screen[33m.[39mgetByText([32m"3"[39m))[3
3m.[39mtoBeInTheDocument()[33m;[39m
     [90m 81 |[39m       expect(screen[33m.[39mgetByText([35m/Rs\. 
150/i[39m))[33m.[39mtoBeInTheDocument()[33m;[39m[0m

      at waitForWrapper 
(node_modules/@testing-library/dom/dist/wait-for.js:163:27)
      at Object.<anonymous> (__tests__/pages/Dashboard.test.tsx:78:18)

  ΓùÅ Student Dashboard ΓÇ║ shows upcoming bookings

    Unable to find an element with the text: Tutor One. This could be because 
the text is broken up by multiple elements. In this case, you can provide a 
function for your text matcher to make your matcher more flexible.

    Ignored nodes: comments, script, style
    [36m<body>[39m
      [36m<div>[39m
        [36m<div[39m
          [33mclass[39m=[32m"space-y-8 animate-in fade-in duration-700"[39m
        [36m>[39m
          [36m<div[39m
            [33mclass[39m=[32m"flex flex-col md:flex-row md:items-end 
justify-between gap-4"[39m
          [36m>[39m
            [36m<div>[39m
              [36m<div[39m
                [33mclass[39m=[32m"flex items-center gap-4 mb-4"[39m
              [36m>[39m
                [36m<p[39m
                  [33mclass[39m=[32m"text-blue-600 dark:text-blue-400 
text-sm font-bold uppercase tracking-[0.2em]"[39m
                [36m>[39m
                  [0mStudent Dashboard[0m
                [36m</p>[39m
              [36m</div>[39m
              [36m<h1[39m
                [33mclass[39m=[32m"text-4xl font-extrabold text-slate-900 
dark:text-white mb-2 tracking-tight"[39m
              [36m>[39m
                [0mWelcome Back, [0m
                [0mStudent[0m
                [0m! [0m
                [36m<span[39m
                  [33mclass[39m=[32m"animate-bounce inline-block"[39m
                [36m>[39m
                  [0m≡ƒÄô[0m
                [36m</span>[39m
              [36m</h1>[39m
              [36m<p[39m
                [33mclass[39m=[32m"text-slate-500 dark:text-slate-400 
text-lg font-medium"[39m
              [36m>[39m
                [0mReady to continue your learning journey today?[0m
              [36m</p>[39m
            [36m</div>[39m
            [36m<div[39m
              [33mclass[39m=[32m"flex items-center gap-3"[39m
            [36m>[39m
              [36m<a[39m
                [33mclass[39m=[32m"hidden md:flex px-5 py-2.5 bg-blue-600 
hover:bg-blue-500 rounded-xl text-white font-bold transition-all text-sm 
shadow-lg shadow-blue-600/20 items-center gap-2"[39m
                [33mhref[39m=[32m"/dashboard/tutors"[39m
              [36m>[39m
                [36m<svg[39m
                  [33maria-hidden[39m=[32m"true"[39m
                  [33mclass[39m=[32m"lucide lucide-search w-4 h-4"[39m
                  [33mfill[39m=[32m"none"[39m
                  [33mheight[39m=[32m"24"[39m
                  [33mstroke[39m=[32m"currentColor"[39m
                  [33mstroke-linecap[39m=[32m"round"[39m
                  [33mstroke-linejoin[39m=[32m"round"[39m
                  [33mstroke-width[39m=[32m"2"[39m
                  [33mviewBox[39m=[32m"0 0 24 24"[39m
                  [33mwidth[39m=[32m"24"[39m
                  [33mxmlns[39m=[32m"http://www.w3.org/2000/svg"[39m
                [36m>[39m
                  [36m<path[39m
                    [33md[39m=[32m"m21 21-4.34-4.34"[39m
                  [36m/>[39m
                  [36m<circle[39m
                    [33mcx[39m=[32m"11"[39m
                    [33mcy[39m=[32m"11"[39m
                    [33mr[39m=[32m"8"[39m
                  [36m/>[39m
                [36m</svg>[39m
                [0m Find Tutors[0m
              [36m</a>[39m
              [36m<a[39m
                [33mclass[39m=[32m"hidden md:flex px-5 py-2.5 bg-white 
dark:bg-slate-800 border border-slate-200 dark:border-slate-700 
hover:bg-slate-100 dark:hover:bg-slate-700 rounded-xl text-slate-600 
dark:text-slate-300 font-bold transition-all text-sm items-center gap-2"[39m
                [33mhref[39m=[32m"/dashboard/wallet"[39m
              [36m>[39m
                [36m<svg[39m
                  [33maria-hidden[39m=[32m"true"[39m
                  [33mclass[39m=[32m"lucide lucide-banknote w-4 h-4"[39m
                  [33mfill[39m=[32m"none"[39m
                  [33mheight[39m=[32m"24"[39m
                  [33mstroke[39m=[32m"currentColor"[39m
                  [33mstroke-linecap[39m=[32m"round"[39m
                  [33mstroke-linejoin[39m=[32m"round"[39m
                  [33mstroke-width[39m=[32m"2"[39m
                  [33mviewBox[39m=[32m"0 0 24 24"[39m
                  [33mwidth[39m=[32m"24"[39m
                  [33mxmlns[39m=[32m"http://www.w3.org/2000/svg"[39m
                [36m>[39m
                  [36m<rect[39m
                    [33mheight[39m=[32m"12"[39m
                    [33mrx[39m=[32m"2"[39m
                    [33mwidth[39m=[32m"20"[39m
                    [33mx[39m=[32m"2"[39m
                    [33my[39m=[32m"6"[39m
                  [36m/>[39m
                  [36m<circle[39m
                    [33mcx[39m=[32m"12"[39m
                    [33mcy[39m=[32m"12"[39m
                    [33mr[39m=[32m"2"[39m
                  [36m/>[39m
                  [36m<path[39m
                    [33md[39m=[32m"M6 12h.01M18 12h.01"[39m
                  [36m/>[39m
                [36m</svg>[39m
                [0m Wallet[0m
              [36m</a>[39m
              [36m<div[39m
                [33mclass[39m=[32m"bg-white dark:bg-slate-800 border 
border-slate-200 dark:border-slate-700 rounded-xl px-4 py-2 flex items-center 
space-x-2"[39m
              [36m>[39m
                [36m<div[39m
                  [33mclass[39m=[32m"w-2 h-2 rounded-full bg-emerald-500 
animate-pulse"[39m
                [36m/>[39m
                [36m<span[39m
                  [33mclass[39m=[32m"text-xs font-bold text-slate-600 
dark:text-slate-300 uppercase tracking-widest"[39m
                [36m>[39m
                  [0mOnline[0m
                [36m</span>[39m
              [36m</div>[39m
            [36m</div>[39m
          [36m</div>[39m
          [36m<div[39m
            [33mclass[39m=[32m"bg-amber-500/10 border border-amber-500/20 
rounded-2xl p-5 flex flex-col md:flex-row items-center justify-between 
text-amber-800 dark:text-amber-200 gap-4"[39m
          [36m>[39m
            [36m<div[39m
              [33mclass[39m=[32m"flex items-center space-x-4"[39m
            [36m>[39m
              [36m<div[39m
                [33mclass[39m=[32m"w-10 h-10 rounded-xl bg-amber-500/20 
flex items-center justify-center text-xl"[39m
              [36m>[39m
                [0mΓÜá∩╕Å[0m
              [36m</div>[39m
              [36m<div>[39m
                [36m<p[39m
                  [33mclass[39m=[32m"font-bold"[39m
                [36m>[39m
                  [0mYour Profile is Incomplete[0m
                [36m</p>[39m
                [36m<p[39m
                  [33mclass[39m=[32m"text-sm opacity-80"[39m
                [36m>[39m
                  [0mAdding your details helps us match you with the best 
tutors.[0m
                [36m</p>[39m
              [36m</div>[39m
            [36m</div>[39m
            [36m<a[39m
              [33mclass[39m=[32m"shrink-0 px-6 py-2.5 bg-amber-500 
text-black font-bold rounded-xl text-sm hover:bg-amber-400 transition-all"[39m
              [33mhref[39m=[32m"/dashboard/profile"[39m
            [36m>[39m
              [0mFix Now[0m
            [36m</a>[39m
          [36m</div>[39m
          [36m<div[39m
            [33mclass[39m=[32m"grid grid-cols-1 sm:grid-cols-2 
lg:grid-cols-4 gap-5"[39m
          [36m>[39m
            [36m<div[39m
              [33mclass[39m=[32m"bg-white dark:bg-slate-800 border 
border-slate-200 dark:border-slate-700 rounded-2xl p-6 relative 
overflow-hidden group hover:scale-[1.02] transition-all duration-300 
hover:border-slate-300 dark:hover:border-slate-600"[39m
            [36m>[39m
              [36...

    [0m [90m  97 |[39m     render([33m<[39m[33mStudentDashboard[39m 
[33m/[39m[33m>[39m)[33m;[39m
     [90m  98 |[39m
    [31m[1m>[22m[39m[90m  99 |[39m     [36mawait[39m waitFor(() 
[33m=>[39m {
     [90m     |[39m                  [31m[1m^[22m[39m
     [90m 100 |[39m       expect(screen[33m.[39mgetByText([32m"Tutor 
One"[39m))[33m.[39mtoBeInTheDocument()[33m;[39m
     [90m 101 |[39m       expect(screen[33m.[39mgetByText([32m"Math"[39m)
)[33m.[39mtoBeInTheDocument()[33m;[39m
     [90m 102 |[39m     })[33m;[39m[0m

      at waitForWrapper 
(node_modules/@testing-library/dom/dist/wait-for.js:163:27)
      at Object.<anonymous> (__tests__/pages/Dashboard.test.tsx:99:18)

  ΓùÅ Student Dashboard ΓÇ║ displays recommended tutors

    Unable to find an element with the text: Recommended Tutor. This could be 
because the text is broken up by multiple elements. In this case, you can 
provide a function for your text matcher to make your matcher more flexible.

    Ignored nodes: comments, script, style
    [36m<body>[39m
      [36m<div>[39m
        [36m<div[39m
          [33mclass[39m=[32m"space-y-8 animate-in fade-in duration-700"[39m
        [36m>[39m
          [36m<div[39m
            [33mclass[39m=[32m"flex flex-col md:flex-row md:items-end 
justify-between gap-4"[39m
          [36m>[39m
            [36m<div>[39m
              [36m<div[39m
                [33mclass[39m=[32m"flex items-center gap-4 mb-4"[39m
              [36m>[39m
                [36m<p[39m
                  [33mclass[39m=[32m"text-blue-600 dark:text-blue-400 
text-sm font-bold uppercase tracking-[0.2em]"[39m
                [36m>[39m
                  [0mStudent Dashboard[0m
                [36m</p>[39m
              [36m</div>[39m
              [36m<h1[39m
                [33mclass[39m=[32m"text-4xl font-extrabold text-slate-900 
dark:text-white mb-2 tracking-tight"[39m
              [36m>[39m
                [0mWelcome Back, [0m
                [0mStudent[0m
                [0m! [0m
                [36m<span[39m
                  [33mclass[39m=[32m"animate-bounce inline-block"[39m
                [36m>[39m
                  [0m≡ƒÄô[0m
                [36m</span>[39m
              [36m</h1>[39m
              [36m<p[39m
                [33mclass[39m=[32m"text-slate-500 dark:text-slate-400 
text-lg font-medium"[39m
              [36m>[39m
                [0mReady to continue your learning journey today?[0m
              [36m</p>[39m
            [36m</div>[39m
            [36m<div[39m
              [33mclass[39m=[32m"flex items-center gap-3"[39m
            [36m>[39m
              [36m<a[39m
                [33mclass[39m=[32m"hidden md:flex px-5 py-2.5 bg-blue-600 
hover:bg-blue-500 rounded-xl text-white font-bold transition-all text-sm 
shadow-lg shadow-blue-600/20 items-center gap-2"[39m
                [33mhref[39m=[32m"/dashboard/tutors"[39m
              [36m>[39m
                [36m<svg[39m
                  [33maria-hidden[39m=[32m"true"[39m
                  [33mclass[39m=[32m"lucide lucide-search w-4 h-4"[39m
                  [33mfill[39m=[32m"none"[39m
                  [33mheight[39m=[32m"24"[39m
                  [33mstroke[39m=[32m"currentColor"[39m
                  [33mstroke-linecap[39m=[32m"round"[39m
                  [33mstroke-linejoin[39m=[32m"round"[39m
                  [33mstroke-width[39m=[32m"2"[39m
                  [33mviewBox[39m=[32m"0 0 24 24"[39m
                  [33mwidth[39m=[32m"24"[39m
                  [33mxmlns[39m=[32m"http://www.w3.org/2000/svg"[39m
                [36m>[39m
                  [36m<path[39m
                    [33md[39m=[32m"m21 21-4.34-4.34"[39m
                  [36m/>[39m
                  [36m<circle[39m
                    [33mcx[39m=[32m"11"[39m
                    [33mcy[39m=[32m"11"[39m
                    [33mr[39m=[32m"8"[39m
                  [36m/>[39m
                [36m</svg>[39m
                [0m Find Tutors[0m
              [36m</a>[39m
              [36m<a[39m
                [33mclass[39m=[32m"hidden md:flex px-5 py-2.5 bg-white 
dark:bg-slate-800 border border-slate-200 dark:border-slate-700 
hover:bg-slate-100 dark:hover:bg-slate-700 rounded-xl text-slate-600 
dark:text-slate-300 font-bold transition-all text-sm items-center gap-2"[39m
                [33mhref[39m=[32m"/dashboard/wallet"[39m
              [36m>[39m
                [36m<svg[39m
                  [33maria-hidden[39m=[32m"true"[39m
                  [33mclass[39m=[32m"lucide lucide-banknote w-4 h-4"[39m
                  [33mfill[39m=[32m"none"[39m
                  [33mheight[39m=[32m"24"[39m
                  [33mstroke[39m=[32m"currentColor"[39m
                  [33mstroke-linecap[39m=[32m"round"[39m
                  [33mstroke-linejoin[39m=[32m"round"[39m
                  [33mstroke-width[39m=[32m"2"[39m
                  [33mviewBox[39m=[32m"0 0 24 24"[39m
                  [33mwidth[39m=[32m"24"[39m
                  [33mxmlns[39m=[32m"http://www.w3.org/2000/svg"[39m
                [36m>[39m
                  [36m<rect[39m
                    [33mheight[39m=[32m"12"[39m
                    [33mrx[39m=[32m"2"[39m
                    [33mwidth[39m=[32m"20"[39m
                    [33mx[39m=[32m"2"[39m
                    [33my[39m=[32m"6"[39m
                  [36m/>[39m
                  [36m<circle[39m
                    [33mcx[39m=[32m"12"[39m
                    [33mcy[39m=[32m"12"[39m
                    [33mr[39m=[32m"2"[39m
                  [36m/>[39m
                  [36m<path[39m
                    [33md[39m=[32m"M6 12h.01M18 12h.01"[39m
                  [36m/>[39m
                [36m</svg>[39m
                [0m Wallet[0m
              [36m</a>[39m
              [36m<div[39m
                [33mclass[39m=[32m"bg-white dark:bg-slate-800 border 
border-slate-200 dark:border-slate-700 rounded-xl px-4 py-2 flex items-center 
space-x-2"[39m
              [36m>[39m
                [36m<div[39m
                  [33mclass[39m=[32m"w-2 h-2 rounded-full bg-emerald-500 
animate-pulse"[39m
                [36m/>[39m
                [36m<span[39m
                  [33mclass[39m=[32m"text-xs font-bold text-slate-600 
dark:text-slate-300 uppercase tracking-widest"[39m
                [36m>[39m
                  [0mOnline[0m
                [36m</span>[39m
              [36m</div>[39m
            [36m</div>[39m
          [36m</div>[39m
          [36m<div[39m
            [33mclass[39m=[32m"bg-amber-500/10 border border-amber-500/20 
rounded-2xl p-5 flex flex-col md:flex-row items-center justify-between 
text-amber-800 dark:text-amber-200 gap-4"[39m
          [36m>[39m
            [36m<div[39m
              [33mclass[39m=[32m"flex items-center space-x-4"[39m
            [36m>[39m
              [36m<div[39m
                [33mclass[39m=[32m"w-10 h-10 rounded-xl bg-amber-500/20 
flex items-center justify-center text-xl"[39m
              [36m>[39m
                [0mΓÜá∩╕Å[0m
              [36m</div>[39m
              [36m<div>[39m
                [36m<p[39m
                  [33mclass[39m=[32m"font-bold"[39m
                [36m>[39m
                  [0mYour Profile is Incomplete[0m
                [36m</p>[39m
                [36m<p[39m
                  [33mclass[39m=[32m"text-sm opacity-80"[39m
                [36m>[39m
                  [0mAdding your details helps us match you with the best 
tutors.[0m
                [36m</p>[39m
              [36m</div>[39m
            [36m</div>[39m
            [36m<a[39m
              [33mclass[39m=[32m"shrink-0 px-6 py-2.5 bg-amber-500 
text-black font-bold rounded-xl text-sm hover:bg-amber-400 transition-all"[39m
              [33mhref[39m=[32m"/dashboard/profile"[39m
            [36m>[39m
              [0mFix Now[0m
            [36m</a>[39m
          [36m</div>[39m
          [36m<div[39m
            [33mclass[39m=[32m"grid grid-cols-1 sm:grid-cols-2 
lg:grid-cols-4 gap-5"[39m
          [36m>[39m
            [36m<div[39m
              [33mclass[39m=[32m"bg-white dark:bg-slate-800 border 
border-slate-200 dark:border-slate-700 rounded-2xl p-6 relative 
overflow-hidden group hover:scale-[1.02] transition-all duration-300 
hover:border-slate-300 dark:hover:border-slate-600"[39m
            [36m>[39m
              [36...

    [0m [90m 117 |[39m     render([33m<[39m[33mStudentDashboard[39m 
[33m/[39m[33m>[39m)[33m;[39m
     [90m 118 |[39m
    [31m[1m>[22m[39m[90m 119 |[39m     [36mawait[39m waitFor(() 
[33m=>[39m {
     [90m     |[39m                  [31m[1m^[22m[39m
     [90m 120 |[39m       
expect(screen[33m.[39mgetByText([32m"Recommended 
Tutor"[39m))[33m.[39mtoBeInTheDocument()[33m;[39m
     [90m 121 |[39m       expect(screen[33m.[39mgetByText([32m"Science"[3
9m))[33m.[39mtoBeInTheDocument()[33m;[39m
     [90m 122 |[39m     })[33m;[39m[0m

      at waitForWrapper 
(node_modules/@testing-library/dom/dist/wait-for.js:163:27)
      at Object.<anonymous> (__tests__/pages/Dashboard.test.tsx:119:18)

A worker process has failed to exit gracefully and has been force exited. This 
is likely caused by tests leaking due to improper teardown. Try running with 
--detectOpenHandles to find leaks. Active timers can also cause this, ensure 
that .unref() was called on them.
Test Suites: 4 failed, 6 passed, 10 total
Tests:       9 failed, 33 passed, 42 total
Snapshots:   0 total
Time:        7.077 s
Ran all test suites.
